============================================================
   Tang Dynasty, V6.2.168116
   Copyright (c) 2012-2025 Anlogic Inc.
   Executable = C:/Anlogic/TD/bin/td.exe
   Built at =   16:32:07 Jun 12 2025
   Run by =     xvhao
   Run Date =   Fri Oct 17 01:13:33 2025

   Run on =     XU
============================================================
RUN-1002 : start command "import_db C:/Users/xvhao/Desktop/prj/q3v3 _source/q4_Runs/phy_1/q4_pr.db"
RUN-1001 : Importing database generated by Tang Dynasty, V6.2.168116.
RUN-1001 : Database version number 46207
RUN-1001 : Import flow parameters
RUN-1001 : Import netlist
PHY-1001 : Generate detailed routing grids ...
PHY-1001 : End build routing graph; 4.426585s wall, 4.250000s user + 0.390625s system = 4.640625s CPU (104.8%)

PHY-1001 : Build lut bridge;  0.078028s wall, 0.078125s user + 0.000000s system = 0.078125s CPU (100.1%)

PHY-1001 : Generate nets ...
PHY-1001 : net clk_dup_1 will be routed on clock mesh
PHY-1001 : net phy1_rgmii_rx_clk_dup_1 will be routed on clock mesh
PHY-1001 : net U3/u2_ram/SDRAM_CLK will be routed on clock mesh
PHY-1001 : net frame_read_write_m0/read_buf/clkw will be routed on clock mesh
PHY-1001 : clock net sd_card_bmp_m0/bmp_read_m0/clk will be merged with clock sys_pll_m0/clk0_buf
PHY-1001 : clock net u_rx_pll/clk0_out will be merged with clock u_rx_pll/clk0_buf
PHY-1001 : clock net u_clk_gen/u_pll_0/clk0_out will be merged with clock u_clk_gen/u_pll_0/clk0_buf
PHY-1001 : net u4_trimac_block/u1_rgmii_interface/rgmii_txc_ddr/clk will be routed on clock mesh
PHY-1001 : net u4_trimac_block/gtx_clk will be routed on clock mesh
PHY-1001 : clock net u4_trimac_block/rx_clk will be merged with clock u4_trimac_block/u1_rgmii_interface/rgmii_rxc
PHY-1001 : eco open net = 0
PHY-1001 : 153 feed throughs used by 125 nets
RUN-1001 : Import phy database
RUN-1001 : Import timing constraints
RUN-1001 : Import IO constraints
RUN-1001 : Import Inst constraints
RUN-1001 : Import ChipWatcher
RUN-1001 : Import design success TD_VERSION=6.2.168116 , DB_VERSION=46207
RUN-1003 : finish command "import_db C:/Users/xvhao/Desktop/prj/q3v3 _source/q4_Runs/phy_1/q4_pr.db" in  7.517732s wall, 7.234375s user + 0.656250s system = 7.890625s CPU (105.0%)

RUN-1004 : used memory is 690 MB, reserved memory is 655 MB, peak memory is 754 MB
GUI-8003 ERROR: ../../../../Anlogic/HX4S20_Contest_2025_7_29/lab_ex_2025_7_12_nosoft/HXEG420_lab_ex/lab_ex_4_tf_sdram_etnernet_pc/UDP_EG4_6.2/prj/UDP_EXAMPLE/al_ip/TEMAC_CORE/RTL/TEMAC_CORE_aead6cd6dadd.v is missing!
GUI-8003 ERROR: ../../../../Anlogic/HX4S20_Contest_2025_7_29/lab_ex_2025_7_12_nosoft/HXEG420_lab_ex/lab_ex_4_tf_sdram_etnernet_pc/UDP_EG4_6.2/prj/UDP_EXAMPLE/al_ip/TEMAC_CORE/RTL/mac_core_aead6cd6dadd.v is missing!
GUI-8003 ERROR: ../../../../Anlogic/HX4S20_Contest_2025_7_29/lab_ex_2025_7_12_nosoft/HXEG420_lab_ex/lab_ex_4_tf_sdram_etnernet_pc/UDP_EG4_6.2/prj/UDP_EXAMPLE/al_ip/TEMAC_CORE/TEMAC_CORE.v is missing!
GUI-8003 ERROR: ../../../../Anlogic/HX4S20_Contest_2025_7_29/lab_ex_2025_7_12_nosoft/HXEG420_lab_ex/lab_ex_4_tf_sdram_etnernet_pc/UDP_EG4_6.2/prj/UDP_EXAMPLE/al_ip/pll_gen.v is missing!
GUI-8003 ERROR: ../../../../Anlogic/HX4S20_Contest_2025_7_29/lab_ex_2025_7_12_nosoft/HXEG420_lab_ex/lab_ex_4_tf_sdram_etnernet_pc/UDP_EG4_6.2/prj/UDP_EXAMPLE/al_ip/rx_pll.v is missing!
GUI-8003 ERROR: ../../../../Anlogic/HX4S20_Contest_2025_7_29/lab_ex_2025_7_12_nosoft/HXEG420_lab_ex/lab_ex_5_HX4S20_OV5640/al_ip/afifo_16_32_256.v is missing!
GUI-8003 ERROR: ../../../../Anlogic/HX4S20_Contest_2025_7_29/lab_ex_2025_7_12_nosoft/HXEG420_lab_ex/lab_ex_5_HX4S20_OV5640/al_ip/afifo_32_16_256.v is missing!
GUI-8003 ERROR: ../../../../Anlogic/HX4S20_Contest_2025_7_29/lab_ex_2025_7_12_nosoft/HXEG420_lab_ex/lab_ex_5_HX4S20_OV5640/al_ip/video_pll.v is missing!
GUI-8003 ERROR: ../../../../Anlogic/HX4S20_Contest_2025_7_29/lab_ex_2025_7_12_nosoft/HXEG420_lab_ex/lab_ex_6_tf_sdram_hdmi/al_ip/sys_pll.v is missing!
RUN-1002 : start command "commit_param -step design"
RUN-1001 : Print Global Property
RUN-1001 : --------------------------------------------------------
RUN-1001 :   Parameters   |  Settings  |  Default Values  |  Note  
RUN-1001 : --------------------------------------------------------
RUN-1001 :   enable_seed  |    off     |       off        |        
RUN-1001 :     message    |  standard  |     standard     |        
RUN-1001 :   qor_monitor  |     on     |        on        |        
RUN-1001 :   syn_ip_flow  |    off     |       off        |        
RUN-1001 :     thread     |    auto    |       auto       |        
RUN-1001 : --------------------------------------------------------
RUN-1001 : Print Design Property
RUN-1001 : ----------------------------------------------------------------
RUN-1001 :       Parameters       |  Settings  |  Default Values  |  Note  
RUN-1001 : ----------------------------------------------------------------
RUN-1001 :   default_reg_initial  |    auto    |       auto       |        
RUN-1001 :    hdl_warning_level   |   normal   |      normal      |        
RUN-1001 : ----------------------------------------------------------------
HDL-1007 : analyze verilog file src/video_define.v
HDL-1007 : analyze verilog file src/sdram_r/sdram_para.v
HDL-1007 : analyze verilog file src/sdram/enc_file/global_def.v
HDL-1007 : analyze verilog file src/color_bar.v
HDL-1007 : analyze included file src/video_define.v in src/color_bar.v(2)
HDL-1007 : back to file 'src/color_bar.v' in src/color_bar.v(2)
HDL-1007 : analyze verilog file src/frame_fifo_read.v
HDL-1007 : analyze verilog file src/frame_fifo_write.v
HDL-1007 : analyze verilog file src/top.v
HDL-1007 : analyze verilog file src/video_timing_data.v
HDL-1007 : analyze verilog file src/sdram/enc_file/sdr_as_ram.enc.v
HDL-1007 : back to file 'src/sdram/enc_file/sdr_as_ram.enc.v' in src/sdram/enc_file/sdr_as_ram.enc.v(45)
HDL-1007 : analyze verilog file src/sdram/enc_file/sdr_wrrd.enc.v
HDL-5007 WARNING: concatenation with an unsized literal will be treated as 32 bits in src/sdram/enc_file/sdr_wrrd.enc.v(283)
HDL-1007 : back to file 'src/sdram/enc_file/sdr_wrrd.enc.v' in src/sdram/enc_file/sdr_wrrd.enc.v(19)
HDL-1007 : analyze verilog file src/sdram/sdram.v
HDL-1007 : analyze included file ./src/sdram/enc_file/global_def.v in src/sdram/sdram.v(10)
HDL-1007 : back to file 'src/sdram/sdram.v' in src/sdram/sdram.v(10)
HDL-1007 : undeclared symbol 'SDR_CKE', assumed default net type 'wire' in src/sdram/sdram.v(89)
HDL-1007 : analyze verilog file src/frame_read_write.v
HDL-1007 : analyze verilog file src/video_delay.v
HDL-1007 : analyze VHDL file src/hdmi/enc_file/DVITransmitter.enc.vhd
HDL-1007 : analyze entity dvitransmitter in src/hdmi/enc_file/DVITransmitter.enc.vhd(13)
HDL-1007 : analyze architecture ** in src/hdmi/enc_file/DVITransmitter.enc.vhd(2)
HDL-1007 : analyze VHDL file src/hdmi/enc_file/SerializerN_1_lvds.enc.vhd
HDL-1007 : analyze entity ** in src/hdmi/enc_file/SerializerN_1_lvds.enc.vhd(12)
HDL-1007 : analyze architecture ** in src/hdmi/enc_file/SerializerN_1_lvds.enc.vhd(25)
HDL-1007 : analyze VHDL file src/hdmi/enc_file/SerializerN_1_lvds_dat.enc.vhd
HDL-1007 : analyze entity ** in src/hdmi/enc_file/SerializerN_1_lvds_dat.enc.vhd(14)
HDL-1007 : analyze architecture ** in src/hdmi/enc_file/SerializerN_1_lvds_dat.enc.vhd(28)
HDL-1007 : analyze VHDL file src/hdmi/enc_file/TMDSEncoder.enc.vhd
HDL-1007 : analyze entity ** in src/hdmi/enc_file/TMDSEncoder.enc.vhd(13)
HDL-1007 : analyze architecture ** in src/hdmi/enc_file/TMDSEncoder.enc.vhd(24)
HDL-1007 : analyze verilog file src/hdmi/enc_file/video_tpg_1024768.enc.v
HDL-5007 WARNING: literal value ** truncated to fit in ** bits in src/hdmi/enc_file/video_tpg_1024768.enc.v(231)
HDL-1007 : back to file 'src/hdmi/enc_file/video_tpg_1024768.enc.v' in src/hdmi/enc_file/video_tpg_1024768.enc.v(1)
HDL-1007 : analyze verilog file src/hdmi/enc_file/video_tpg_1080p.enc.v
HDL-1007 : back to file 'src/hdmi/enc_file/video_tpg_1080p.enc.v' in src/hdmi/enc_file/video_tpg_1080p.enc.v(1)
HDL-1007 : analyze verilog file src/hdmi/enc_file/video_tpg_12801024p.enc.v
HDL-1007 : back to file 'src/hdmi/enc_file/video_tpg_12801024p.enc.v' in src/hdmi/enc_file/video_tpg_12801024p.enc.v(1)
HDL-1007 : analyze verilog file src/hdmi/enc_file/video_tpg_1280800.enc.v
HDL-5007 WARNING: literal value ** truncated to fit in ** bits in src/hdmi/enc_file/video_tpg_1280800.enc.v(233)
HDL-1007 : back to file 'src/hdmi/enc_file/video_tpg_1280800.enc.v' in src/hdmi/enc_file/video_tpg_1280800.enc.v(1)
HDL-1007 : analyze verilog file src/hdmi/enc_file/video_tpg_16801050p.enc.v
HDL-1007 : back to file 'src/hdmi/enc_file/video_tpg_16801050p.enc.v' in src/hdmi/enc_file/video_tpg_16801050p.enc.v(1)
HDL-1007 : analyze verilog file src/hdmi/enc_file/video_tpg_800600.enc.v
HDL-1007 : back to file 'src/hdmi/enc_file/video_tpg_800600.enc.v' in src/hdmi/enc_file/video_tpg_800600.enc.v(1)
HDL-1007 : analyze VHDL file src/hdmi/hdmi_tx.vhd
HDL-1007 : analyze entity hdmi_tx in src/hdmi/hdmi_tx.vhd(11)
HDL-1007 : analyze architecture behavioral in src/hdmi/hdmi_tx.vhd(33)
HDL-1007 : analyze verilog file src/sdram/enc_file/sdr_init_ref.enc.v
HDL-1007 : analyze included file ./src/sdram/enc_file/global_def.v in src/sdram/enc_file/sdr_init_ref.enc.v(11)
HDL-1007 : back to file 'src/sdram/enc_file/sdr_init_ref.enc.v' in src/sdram/enc_file/sdr_init_ref.enc.v(11)
HDL-1007 : undeclared symbol '**', assumed default net type '**' in src/sdram/enc_file/sdr_init_ref.enc.v(57)
HDL-1007 : back to file 'src/sdram/enc_file/sdr_init_ref.enc.v' in src/sdram/enc_file/sdr_init_ref.enc.v(149)
HDL-5007 WARNING: concatenation with an unsized literal will be treated as 32 bits in src/sdram/enc_file/sdr_init_ref.enc.v(47)
HDL-1007 : analyze verilog file src/ov5640/cmos_capture_data.v
HDL-1007 : analyze verilog file src/ov5640/i2c_dri.v
HDL-1007 : analyze verilog file src/ov5640/i2c_ov5640_rgb565_cfg.v
HDL-1007 : analyze verilog file src/ov5640/ov5640_dri.v
HDL-1007 : analyze verilog file src/ov5640/ov5640_delay.v
HDL-1007 : analyze verilog file import/udp_cam_ctrl.v
HDL-1007 : analyze verilog file import/clk_gen_rst_gen.v
HDL-1007 : analyze verilog file import/div_clk_gen.v
HDL-1007 : analyze verilog file import/IDDR.v
HDL-1007 : analyze verilog file import/ODDR.v
HDL-1007 : analyze verilog file import/RAMB16_S9_S9.v
HDL-1007 : undeclared symbol 'open', assumed default net type 'wire' in import/RAMB16_S9_S9.v(109)
HDL-1007 : analyze verilog file import/rgmii_interface.v
HDL-1007 : analyze verilog file import/rx_client_fifo.v
HDL-5370 WARNING: parameter 'WAIT_s' becomes localparam in 'rx_client_fifo' with formal parameter declaration list in import/rx_client_fifo.v(49)
HDL-5370 WARNING: parameter 'QUEUE1_s' becomes localparam in 'rx_client_fifo' with formal parameter declaration list in import/rx_client_fifo.v(50)
HDL-5370 WARNING: parameter 'QUEUE2_s' becomes localparam in 'rx_client_fifo' with formal parameter declaration list in import/rx_client_fifo.v(51)
HDL-5370 WARNING: parameter 'QUEUE3_s' becomes localparam in 'rx_client_fifo' with formal parameter declaration list in import/rx_client_fifo.v(52)
HDL-5370 WARNING: parameter 'QUEUE_SOF_s' becomes localparam in 'rx_client_fifo' with formal parameter declaration list in import/rx_client_fifo.v(53)
HDL-5370 WARNING: parameter 'SOF_s' becomes localparam in 'rx_client_fifo' with formal parameter declaration list in import/rx_client_fifo.v(54)
HDL-5370 WARNING: parameter 'DATA_s' becomes localparam in 'rx_client_fifo' with formal parameter declaration list in import/rx_client_fifo.v(55)
HDL-5370 WARNING: parameter 'EOF_s' becomes localparam in 'rx_client_fifo' with formal parameter declaration list in import/rx_client_fifo.v(56)
HDL-5370 WARNING: parameter 'IDLE_s' becomes localparam in 'rx_client_fifo' with formal parameter declaration list in import/rx_client_fifo.v(62)
HDL-5370 WARNING: parameter 'FRAME_s' becomes localparam in 'rx_client_fifo' with formal parameter declaration list in import/rx_client_fifo.v(63)
HDL-5370 Similar messages will be suppressed.
HDL-1007 : analyze verilog file import/temac_block.v
HDL-1007 : analyze verilog file import/temac_clk_gen.v
HDL-1007 : analyze verilog file import/tx_client_fifo.v
HDL-5370 WARNING: parameter 'IDLE_s' becomes localparam in 'tx_client_fifo' with formal parameter declaration list in import/tx_client_fifo.v(53)
HDL-5370 WARNING: parameter 'QUEUE1_s' becomes localparam in 'tx_client_fifo' with formal parameter declaration list in import/tx_client_fifo.v(54)
HDL-5370 WARNING: parameter 'QUEUE2_s' becomes localparam in 'tx_client_fifo' with formal parameter declaration list in import/tx_client_fifo.v(55)
HDL-5370 WARNING: parameter 'QUEUE3_s' becomes localparam in 'tx_client_fifo' with formal parameter declaration list in import/tx_client_fifo.v(56)
HDL-5370 WARNING: parameter 'QUEUE_ACK_s' becomes localparam in 'tx_client_fifo' with formal parameter declaration list in import/tx_client_fifo.v(57)
HDL-5370 WARNING: parameter 'WAIT_ACK_s' becomes localparam in 'tx_client_fifo' with formal parameter declaration list in import/tx_client_fifo.v(58)
HDL-5370 WARNING: parameter 'FRAME_s' becomes localparam in 'tx_client_fifo' with formal parameter declaration list in import/tx_client_fifo.v(59)
HDL-5370 WARNING: parameter 'DROP_s' becomes localparam in 'tx_client_fifo' with formal parameter declaration list in import/tx_client_fifo.v(60)
HDL-5370 WARNING: parameter 'RETRANSMIT_s' becomes localparam in 'tx_client_fifo' with formal parameter declaration list in import/tx_client_fifo.v(61)
HDL-5370 WARNING: parameter 'WAIT_s' becomes localparam in 'tx_client_fifo' with formal parameter declaration list in import/tx_client_fifo.v(67)
HDL-5370 Similar messages will be suppressed.
HDL-1007 : analyze verilog file import/tx_clk_en_gen.v
HDL-1007 : analyze verilog file import/udp_data_tpg.v
HDL-1007 : analyze verilog file import/udp_ip_protocol_stack_merge.enc.v
HDL-1007 : back to file 'import/udp_ip_protocol_stack_merge.enc.v' in import/udp_ip_protocol_stack_merge.enc.v(56)
HDL-1007 : undeclared symbol '**', assumed default net type '**' in import/udp_ip_protocol_stack_merge.enc.v(2638)
HDL-1007 : back to file 'import/udp_ip_protocol_stack_merge.enc.v' in import/udp_ip_protocol_stack_merge.enc.v(420)
HDL-1007 : analyze verilog file import/udp_loopback.v
HDL-1007 : analyze verilog file import/sd_card_cmd.v
HDL-1007 : analyze verilog file import/sd_card_sec_read_write.v
HDL-1007 : analyze verilog file import/sd_card_top.v
HDL-1007 : analyze verilog file import/spi_master.v
HDL-1007 : analyze verilog file import/mac_core_aead6cd6dadd.v
HDL-1007 : analyze verilog file import/TEMAC_CORE_aead6cd6dadd.v
HDL-5007 WARNING: column 1032 exceeds maximum value 1023 in import/TEMAC_CORE_aead6cd6dadd.v(30)
HDL-1007 : back to file 'import/TEMAC_CORE_aead6cd6dadd.v' in import/TEMAC_CORE_aead6cd6dadd.v(86)
HDL-5007 WARNING: event expressions must result in a singular type in import/TEMAC_CORE_aead6cd6dadd.v(3001)
HDL-1007 : undeclared symbol '**', assumed default net type '**' in import/TEMAC_CORE_aead6cd6dadd.v(5050)
HDL-1007 : undeclared symbol '**', assumed default net type '**' in import/TEMAC_CORE_aead6cd6dadd.v(5458)
HDL-5007 WARNING: column 1035 exceeds maximum value 1023 in import/TEMAC_CORE_aead6cd6dadd.v(6001)
HDL-1007 : back to file 'import/TEMAC_CORE_aead6cd6dadd.v' in import/TEMAC_CORE_aead6cd6dadd.v(260)
HDL-1007 : analyze verilog file import/TEMAC_CORE.v
HDL-1007 : analyze verilog file import/pll_gen.v
HDL-1007 : undeclared symbol 'pll_gen_open0', assumed default net type 'wire' in import/pll_gen.v(99)
HDL-1007 : undeclared symbol 'pll_gen_open8', assumed default net type 'wire' in import/pll_gen.v(105)
HDL-1007 : undeclared symbol 'pll_gen_open7', assumed default net type 'wire' in import/pll_gen.v(105)
HDL-1007 : undeclared symbol 'pll_gen_open6', assumed default net type 'wire' in import/pll_gen.v(105)
HDL-1007 : undeclared symbol 'pll_gen_open5', assumed default net type 'wire' in import/pll_gen.v(105)
HDL-1007 : undeclared symbol 'pll_gen_open4', assumed default net type 'wire' in import/pll_gen.v(105)
HDL-1007 : undeclared symbol 'pll_gen_open3', assumed default net type 'wire' in import/pll_gen.v(105)
HDL-1007 : undeclared symbol 'pll_gen_open2', assumed default net type 'wire' in import/pll_gen.v(105)
HDL-1007 : undeclared symbol 'pll_gen_open1', assumed default net type 'wire' in import/pll_gen.v(105)
HDL-1007 : analyze verilog file import/rx_pll.v
HDL-1007 : undeclared symbol 'open', assumed default net type 'wire' in import/rx_pll.v(78)
HDL-1007 : analyze verilog file import/afifo_16_32_256.v
HDL-1007 : analyze verilog file import/afifo_32_16_256.v
HDL-1007 : analyze verilog file import/video_pll.v
HDL-1007 : undeclared symbol 'open', assumed default net type 'wire' in import/video_pll.v(70)
HDL-1007 : analyze verilog file import/sys_pll.v
HDL-1007 : undeclared symbol 'open', assumed default net type 'wire' in import/sys_pll.v(77)
HDL-1007 : analyze verilog file import/sd_card_bmp.v
HDL-1007 : analyze verilog file import/seg_decoder.v
HDL-1007 : analyze verilog file import/seg_scan.v
HDL-1007 : analyze verilog file import/ax_debounce.v
HDL-1007 : analyze verilog file import/bmp_read.v
HDL-1007 : analyze verilog file import/top_integrated.v
GUI-8002 ERROR: Failed to open file: ../../../../Anlogic/HX4S20_Contest_2025_7_29/lab_ex_2025_7_12_nosoft/HXEG420_lab_ex/lab_ex_4_tf_sdram_etnernet_pc/UDP_EG4_6.2/prj/UDP_EXAMPLE/al_ip/TEMAC_CORE/TEMAC_CORE.xml. 系统找不到指定的路径。.
GUI-8002 ERROR: Failed to open file: ../../../../Anlogic/HX4S20_Contest_2025_7_29/lab_ex_2025_7_12_nosoft/HXEG420_lab_ex/lab_ex_4_tf_sdram_etnernet_pc/UDP_EG4_6.2/prj/UDP_EXAMPLE/al_ip/pll_gen.ipc. 系统找不到指定的路径。.
GUI-8002 ERROR: Failed to open file: ../../../../Anlogic/HX4S20_Contest_2025_7_29/lab_ex_2025_7_12_nosoft/HXEG420_lab_ex/lab_ex_4_tf_sdram_etnernet_pc/UDP_EG4_6.2/prj/UDP_EXAMPLE/al_ip/rx_pll.ipc. 系统找不到指定的路径。.
GUI-8002 ERROR: Failed to open file: ../../../../Anlogic/HX4S20_Contest_2025_7_29/lab_ex_2025_7_12_nosoft/HXEG420_lab_ex/lab_ex_5_HX4S20_OV5640/al_ip/afifo_16_32_256.ipc. 系统找不到指定的路径。.
GUI-8002 ERROR: Failed to open file: ../../../../Anlogic/HX4S20_Contest_2025_7_29/lab_ex_2025_7_12_nosoft/HXEG420_lab_ex/lab_ex_5_HX4S20_OV5640/al_ip/afifo_32_16_256.ipc. 系统找不到指定的路径。.
GUI-8002 ERROR: Failed to open file: ../../../../Anlogic/HX4S20_Contest_2025_7_29/lab_ex_2025_7_12_nosoft/HXEG420_lab_ex/lab_ex_5_HX4S20_OV5640/al_ip/video_pll.ipc. 系统找不到指定的路径。.
GUI-8002 ERROR: Failed to open file: ../../../../Anlogic/HX4S20_Contest_2025_7_29/lab_ex_2025_7_12_nosoft/HXEG420_lab_ex/lab_ex_6_tf_sdram_hdmi/al_ip/sys_pll.ipc. 系统找不到指定的路径。.
GUI-8002 ERROR: Failed to open file: ../../../../Anlogic/HX4S20_Contest_2025_7_29/lab_ex_2025_7_12_nosoft/HXEG420_lab_ex/lab_ex_4_tf_sdram_etnernet_pc/UDP_EG4_6.2/prj/UDP_EXAMPLE/al_ip/TEMAC_CORE/TEMAC_CORE.xml. 系统找不到指定的路径。.
GUI-8002 ERROR: Failed to open file: ../../../../Anlogic/HX4S20_Contest_2025_7_29/lab_ex_2025_7_12_nosoft/HXEG420_lab_ex/lab_ex_4_tf_sdram_etnernet_pc/UDP_EG4_6.2/prj/UDP_EXAMPLE/al_ip/pll_gen.ipc. 系统找不到指定的路径。.
GUI-8002 ERROR: Failed to open file: ../../../../Anlogic/HX4S20_Contest_2025_7_29/lab_ex_2025_7_12_nosoft/HXEG420_lab_ex/lab_ex_4_tf_sdram_etnernet_pc/UDP_EG4_6.2/prj/UDP_EXAMPLE/al_ip/rx_pll.ipc. 系统找不到指定的路径。.
GUI-8002 Similar messages will be suppressed.
PRJ-8403 ERROR: File(C:/Anlogic/HX4S20_Contest_2025_7_29/lab_ex_2025_7_12_nosoft/HXEG420_lab_ex/lab_ex_4_tf_sdram_etnernet_pc/UDP_EG4_6.2/prj/UDP_EXAMPLE/al_ip/pll_gen.ipc) is already in fileSet(design_1).
GUI-5001 WARNING: Failed to add the file: C:/Anlogic/HX4S20_Contest_2025_7_29/lab_ex_2025_7_12_nosoft/HXEG420_lab_ex/lab_ex_4_tf_sdram_etnernet_pc/UDP_EG4_6.2/prj/UDP_EXAMPLE/al_ip/pll_gen.ipc
PRJ-8403 ERROR: File(C:/Anlogic/HX4S20_Contest_2025_7_29/lab_ex_2025_7_12_nosoft/HXEG420_lab_ex/lab_ex_4_tf_sdram_etnernet_pc/UDP_EG4_6.2/prj/UDP_EXAMPLE/al_ip/rx_pll.ipc) is already in fileSet(design_1).
GUI-5001 WARNING: Failed to add the file: C:/Anlogic/HX4S20_Contest_2025_7_29/lab_ex_2025_7_12_nosoft/HXEG420_lab_ex/lab_ex_4_tf_sdram_etnernet_pc/UDP_EG4_6.2/prj/UDP_EXAMPLE/al_ip/rx_pll.ipc
GUI-5001 WARNING: Failed to add the file: C:/Anlogic/HX4S20_Contest_2025_7_29/lab_ex_2025_7_12_nosoft/HXEG420_lab_ex/lab_ex_4_tf_sdram_etnernet_pc/UDP_EG4_6.2/prj/UDP_EXAMPLE/al_ip/TEMAC_CORE/Design.xml
GUI-5001 WARNING: Failed to add the file: C:/Anlogic/HX4S20_Contest_2025_7_29/lab_ex_2025_7_12_nosoft/HXEG420_lab_ex/lab_ex_4_tf_sdram_etnernet_pc/UDP_EG4_6.2/prj/UDP_EXAMPLE/al_ip/TEMAC_CORE/DesignConfiguration.xml
PRJ-8403 ERROR: File(C:/Anlogic/HX4S20_Contest_2025_7_29/lab_ex_2025_7_12_nosoft/HXEG420_lab_ex/lab_ex_4_tf_sdram_etnernet_pc/UDP_EG4_6.2/prj/UDP_EXAMPLE/al_ip/TEMAC_CORE/TEMAC_CORE.xml) is already in fileSet(design_1).
GUI-5001 WARNING: Failed to add the file: C:/Anlogic/HX4S20_Contest_2025_7_29/lab_ex_2025_7_12_nosoft/HXEG420_lab_ex/lab_ex_4_tf_sdram_etnernet_pc/UDP_EG4_6.2/prj/UDP_EXAMPLE/al_ip/TEMAC_CORE/TEMAC_CORE.xml
PRJ-1412 : reset_run syn_1 phy_1.
PRJ-1409 : launch_runs syn_1 phy_1  -jobs 6.
PRJ-5303 WARNING: Run syn_1 failed.
RUN-1002 : start command "save_best_bits"
