============================================================
   Tang Dynasty, V6.2.168116
   Copyright (c) 2012-2025 Anlogic Inc.
   Executable = C:/Anlogic/TD/bin/td.exe
   Built at =   16:32:07 Jun 12 2025
   Run by =     xvhao
   Run Date =   Fri Oct 17 01:41:39 2025

   Run on =     XU
============================================================
RUN-1002 : start command "import_db C:/Users/xvhao/Desktop/prj/q3v3 _source/q4_Runs/phy_1/q4_pr.db"
RUN-1001 : Importing database generated by Tang Dynasty, V6.2.168116.
RUN-1001 : Database version number 46207
RUN-1001 : Import flow parameters
RUN-1001 : Import netlist
PHY-1001 : Generate detailed routing grids ...
PHY-1001 : End build routing graph; 4.318079s wall, 4.156250s user + 0.343750s system = 4.500000s CPU (104.2%)

PHY-1001 : Build lut bridge;  0.077905s wall, 0.078125s user + 0.000000s system = 0.078125s CPU (100.3%)

PHY-1001 : Generate nets ...
PHY-1001 : net cam_pclk_dup_1 will be routed on clock mesh
PHY-1001 : net clk_dup_1 will be routed on clock mesh
PHY-1001 : net phy1_rgmii_rx_clk_dup_1 will be routed on clock mesh
PHY-1001 : net U3/u2_ram/SDRAM_CLK will be routed on clock mesh
PHY-1001 : clock net u_ov5640_dri/u_i2c_dr/dri_clk_syn_4 will be merged with clock u_ov5640_dri/u_i2c_dr/dri_clk
PHY-1001 : clock net frame_read_write_m0/write_clk_syn_4 will be merged with clock frame_read_write_m0/write_clk
PHY-1001 : net frame_read_write_m0/read_buf/clkw will be routed on clock mesh
PHY-1001 : clock net sd_card_bmp_m0/bmp_read_m0/clk will be merged with clock sys_pll_m0/clk0_buf
PHY-1001 : clock net u_rx_pll/clk0_out will be merged with clock u_rx_pll/clk0_buf
PHY-1001 : clock net u_clk_gen/u_pll_0/clk0_out will be merged with clock u_clk_gen/u_pll_0/clk0_buf
PHY-1001 : net u4_trimac_block/u1_rgmii_interface/rgmii_txc_ddr/clk will be routed on clock mesh
PHY-1001 : net u4_trimac_block/gtx_clk will be routed on clock mesh
PHY-1001 : clock net u4_trimac_block/rx_clk will be merged with clock u4_trimac_block/u1_rgmii_interface/rgmii_rxc
PHY-1001 : eco open net = 0
PHY-1001 : 151 feed throughs used by 112 nets
RUN-1001 : Import phy database
RUN-1001 : Import timing constraints
RUN-1001 : Import IO constraints
RUN-1001 : Import Inst constraints
RUN-1001 : Import ChipWatcher
RUN-1001 : Import design success TD_VERSION=6.2.168116 , DB_VERSION=46207
RUN-1003 : finish command "import_db C:/Users/xvhao/Desktop/prj/q3v3 _source/q4_Runs/phy_1/q4_pr.db" in  7.757850s wall, 7.250000s user + 0.703125s system = 7.953125s CPU (102.5%)

RUN-1004 : used memory is 707 MB, reserved memory is 661 MB, peak memory is 777 MB
RUN-1001 : Starting of IO setups legality check.
RUN-1001 : Starting of IO vref setups legality check.
RUN-1001 : Starting of IO setups legality check.
USR-8001 ERROR: Design contains multiple IOSTANDARD setups on bank 3.
RUN-1001 : Details of conflicted IOStandard on Bank 3:
RUN-1001 : ----------------------------
RUN-1001 :   Model Pin  |  IOSTANDARD  
RUN-1001 : ----------------------------
RUN-1001 :     key2     |   LVCMOS25   
RUN-1001 :     key1     |   LVCMOS33   
RUN-1001 :     rst_n    |   LVCMOS33   
RUN-1001 : ----------------------------
GUI-8405 ERROR: clk is not the signal of the project.
GUI-8405 ERROR: key1 is not the signal of the project.
GUI-8405 ERROR: phy1_rgmii_rx_clk is not the signal of the project.
GUI-8405 ERROR: phy1_rgmii_rx_ctl is not the signal of the project.
GUI-8405 ERROR: phy1_rgmii_rx_data[0] is not the signal of the project.
GUI-8405 ERROR: phy1_rgmii_rx_data[1] is not the signal of the project.
GUI-8405 ERROR: phy1_rgmii_rx_data[2] is not the signal of the project.
GUI-8405 ERROR: phy1_rgmii_rx_data[3] is not the signal of the project.
GUI-8405 ERROR: phy1_rgmii_tx_clk is not the signal of the project.
GUI-8405 ERROR: phy1_rgmii_tx_ctl is not the signal of the project.
GUI-8405 Similar messages will be suppressed.
