============================================================
   Tang Dynasty, V6.2.168116
   Copyright (c) 2012-2025 Anlogic Inc.
   Executable = D:/Anlogic/bin/run.exe
   Built at =   16:32:07 Jun 12 2025
   Run by =     nnnaaawww
   Run Date =   Fri Jul  3 13:21:01 2026

   Run on =     DESKTOPNNNAAAWW
============================================================
RUN-1002 : start command "import_device eagle_s20.db -package EG4S20BG256"
RUN-1001 : Using default speed grade: NA
ARC-1001 : Device Initialization.
ARC-1001 : ------------------------------------------------------------------
ARC-1001 :            OPTION            |          IO          |   SETTING   
ARC-1001 : ------------------------------------------------------------------
ARC-1001 :   cso_b/cclk/mosi/miso/dout  |  T3/R11/T10/P10/S11  |    gpio    
ARC-1001 :             done             |         P13          |    gpio    
ARC-1001 :           program_b          |          T2          |  dedicate  
ARC-1001 :        tdi/tms/tck/tdo       |   C12/A15/C14/E14    |  dedicate  
ARC-1001 : ------------------------------------------------------------------
ARC-1004 : Device setting, marked 5 dedicate IOs in total.
RUN-1002 : start command "open_project q4.prj -noanalyze"
RUN-1002 : start command "import_db ../syn_1/q4_gate.db"
RUN-1001 : Importing database generated by Tang Dynasty, V6.2.168116.
RUN-1001 : Database version number 46207
RUN-1001 : Import flow parameters
RUN-1001 : Import netlist
RUN-1001 : Import timing constraints
RUN-1001 : Import IO constraints
RUN-1001 : Import Inst constraints
RUN-1001 : Import ChipWatcher
RUN-1001 : Import design success TD_VERSION=6.2.168116 , DB_VERSION=46207
RUN-1002 : start command "commit_param -step place"
RUN-1001 : Print Global Property
RUN-1001 : --------------------------------------------------------
RUN-1001 :   Parameters   |  Settings  |  Default Values  |  Note  
RUN-1001 : --------------------------------------------------------
RUN-1001 :   enable_seed  |    off     |       off        |        
RUN-1001 :     message    |  standard  |     standard     |        
RUN-1001 :   qor_monitor  |     on     |        on        |        
RUN-1001 :   syn_ip_flow  |    off     |       off        |        
RUN-1001 :     thread     |    auto    |       auto       |        
RUN-1001 : --------------------------------------------------------
RUN-1001 : Print Place Property
RUN-1001 : -----------------------------------------------------------
RUN-1001 :     Parameters    |  Settings  |  Default Values  |  Note  
RUN-1001 : -----------------------------------------------------------
RUN-1001 :       effort      |   medium   |      medium      |        
RUN-1001 :   hfn_opt_effort  |   medium   |      medium      |        
RUN-1001 :     max_fanout    |   999999   |      999999      |        
RUN-1001 :     opt_timing    |   medium   |      medium      |        
RUN-1001 :   post_place_opt  |    auto    |       auto       |        
RUN-1001 :    pr_strategy    |     1      |        1         |        
RUN-1001 :     relaxation    |    1.00    |       1.00       |        
RUN-1001 : -----------------------------------------------------------
RUN-1002 : start command "insert_debugger ../../chip_debugger"
RUN-1002 : start command "place"
RUN-1001 : Open license file D:/Anlogic/license/Anlogic.lic
PHY-3001 : Placer runs in 24 thread(s).
PHY-1001 : Stage 1 | Initialize Design
PHY-1001 : Stage 1.1 | Build Design
PHY-1001 : 924 luts, 1318 seqs, 205 mslices, 114 lslices, 118 pads, 4 brams, 3 dsps
RUN-1002 : start command "legalize_phy_inst"
SYN-1011 : Flatten model top_integrated
PHY-1001 : Remove keep and sweep redundant instances ...
PHY-1001 : 885 luts, 1230 seqs, 184 mslices, 111 lslices, 118 pads, 4 brams, 3 dsps
PHY-1001 : End Stage 1.1 | Build Design; Time: 0.011254s wall, 0.015625s user + 0.000000s system = 0.015625s CPU (138.8%); Memory(MB): used = 165, reserved = 165, peak = 165;

PHY-1001 : Stage 1.2 | Optimize Design
OPT-1001 : Stage 1.2.1 | Simplify Lut
OPT-1001 : End Stage 1.2.1 | Simplify Lut; Time: 0.002271s wall, 0.000000s user + 0.000000s system = 0.000000s CPU (n/a%); Memory(MB): used = 165, reserved = 165, peak = 165;

OPT-1001 : Stage 1.2.2 | Sweep
OPT-1001 : End Stage 1.2.2 | Sweep; Time: 0.000511s wall, 0.000000s user + 0.000000s system = 0.000000s CPU (n/a%); Memory(MB): used = 165, reserved = 165, peak = 165;

OPT-1001 : Stage 1.2.3 | Synthesize High-fanout Net
OPT-1001 : Current memory(MB): used = 165, reserved = 165, peak = 165.
OPT-1001 : End Stage 1.2.3 | Synthesize High-fanout Net; Time: 0.000020s wall, 0.000000s user + 0.000000s system = 0.000000s CPU (n/a%); Memory(MB): used = 165, reserved = 165, peak = 165;

OPT-1001 : End physical optimization;  0.002894s wall, 0.000000s user + 0.000000s system = 0.000000s CPU (n/a%)

PHY-1001 : End Stage 1.2 | Optimize Design; Time: 0.002949s wall, 0.000000s user + 0.000000s system = 0.000000s CPU (n/a%); Memory(MB): used = 165, reserved = 165, peak = 165;

PHY-1001 : Stage 1.3 | Initialize Clock
SYN-4016 : Net sd_card_bmp_m0/bmp_read_m0/clk driven by BUFG (599 clock/control pins, 1 other pins).
SYN-4016 : Net u2_hdmi_tx/Inst_DVITransmitter/PCLK_X5_I driven by BUFG (44 clock/control pins, 1 other pins).
SYN-4016 : Net u_clk_gen/u_pll_0/clk0_out driven by BUFG (0 clock/control pins, 1 other pins).
SYN-4027 : Net frame_read_write_m0/read_buf/clkw is clkc1 of pll sys_pll_m0/pll_inst.
SYN-4027 : Net U3/u2_ram/SDRAM_CLK is clkc2 of pll sys_pll_m0/pll_inst.
SYN-4019 : Net clk_dup_1 is refclk of pll sys_pll_m0/pll_inst.
SYN-4020 : Net clk_dup_1 is fbclk of pll sys_pll_m0/pll_inst.
SYN-4027 : Net u2_hdmi_tx/Inst_DVITransmitter/PCLK_I is clkc1 of pll u0_clk_wize/pll_inst.
SYN-4019 : Net clk_dup_1 is refclk of pll u0_clk_wize/pll_inst.
SYN-4020 : Net clk_dup_1 is fbclk of pll u0_clk_wize/pll_inst.
SYN-4027 : Net u4_trimac_block/gtx_clk is clkc1 of pll u_clk_gen/u_pll_0/pll_inst.
SYN-4027 : Net u4_trimac_block/u1_rgmii_interface/rgmii_txc_ddr/clk is clkc4 of pll u_clk_gen/u_pll_0/pll_inst.
SYN-4019 : Net clk_dup_1 is refclk of pll u_clk_gen/u_pll_0/pll_inst.
SYN-4020 : Net clk_dup_1 is fbclk of pll u_clk_gen/u_pll_0/pll_inst.
SYN-4024 : Net "u_ov5640_dri/u_i2c_dr/dri_clk" drives clk pins.
SYN-4025 : Tag rtl::Net U3/u2_ram/SDRAM_CLK as clock net
SYN-4025 : Tag rtl::Net clk_dup_1 as clock net
SYN-4025 : Tag rtl::Net frame_read_write_m0/read_buf/clkw as clock net
SYN-4025 : Tag rtl::Net sd_card_bmp_m0/bmp_read_m0/clk as clock net
SYN-4025 : Tag rtl::Net u2_hdmi_tx/Inst_DVITransmitter/PCLK_I as clock net
SYN-4025 : Tag rtl::Net u2_hdmi_tx/Inst_DVITransmitter/PCLK_X5_I as clock net
SYN-4025 : Tag rtl::Net u4_trimac_block/gtx_clk as clock net
SYN-4025 : Tag rtl::Net u4_trimac_block/u1_rgmii_interface/rgmii_txc_ddr/clk as clock net
SYN-4025 : Tag rtl::Net u_clk_gen/u_pll_0/clk0_out as clock net
SYN-4025 : Tag rtl::Net u_ov5640_dri/u_i2c_dr/dri_clk as clock net
SYN-4026 : Tagged 10 rtl::Net as clock net
SYN-4015 : Create BUFG instance for clk Net u_ov5640_dri/u_i2c_dr/dri_clk to drive 68 clock pins.
PHY-1001 : Populate physical database on model top_integrated.
RUN-1001 : There are total 2545 instances
RUN-0007 : 884 luts, 1230 seqs, 184 mslices, 111 lslices, 118 pads, 4 brams, 3 dsps
RUN-1001 : There are total 3043 nets
RUN-1001 : 2337 nets have 2 pins
RUN-1001 : 477 nets have [3 - 5] pins
RUN-1001 : 141 nets have [6 - 10] pins
RUN-1001 : 43 nets have [11 - 20] pins
RUN-1001 : 39 nets have [21 - 99] pins
RUN-1001 : 6 nets have 100+ pins
PHY-1001 : End Stage 1.3 | Initialize Clock; Time: 0.003520s wall, 0.000000s user + 0.000000s system = 0.000000s CPU (n/a%); Memory(MB): used = 166, reserved = 165, peak = 166;

PHY-1001 : End Stage 1 | Initialize Design; Time: 0.019222s wall, 0.015625s user + 0.000000s system = 0.015625s CPU (81.3%); Memory(MB): used = 166, reserved = 165, peak = 166;

PHY-1001 : Stage 2 | Global Placement
RUN-1001 : Report Control nets information:
RUN-1001 : DFF Distribution
RUN-1001 : -------------------------------------
RUN-1001 :   CE   |  SSR  |  ASR  |  DFF Count  
RUN-1001 : -------------------------------------
RUN-1001 :   No   |  No   |  No   |     364     
RUN-1001 :   No   |  No   |  Yes  |     231     
RUN-1001 :   No   |  Yes  |  No   |     40      
RUN-1001 :   Yes  |  No   |  No   |      9      
RUN-1001 :   Yes  |  No   |  Yes  |     548     
RUN-1001 :   Yes  |  Yes  |  No   |     38      
RUN-1001 : -------------------------------------
RUN-1001 : Control Group Statistic
RUN-1001 : -----------------------------
RUN-1001 :   #CLK  |  #CE  |  #SSR/ASR  
RUN-1001 : -----------------------------
RUN-1001 :    7    |  50   |     6      
RUN-1001 : -----------------------------
RUN-0007 : Control Set = 62
PHY-1001 : Stage 2.1 | Place Fixed Instances
PHY-1001 : End Stage 2.1 | Place Fixed Instances; Time: 0.008223s wall, 0.000000s user + 0.000000s system = 0.000000s CPU (n/a%); Memory(MB): used = 167, reserved = 165, peak = 167;

PHY-1001 : Stage 2.2 | Pre-Place DRC Check
PHY-1001 : Stage 2.2.1 | Force Route Constraint Check
PHY-1001 : Check Pass.
PHY-1001 : End Stage 2.2.1 | Force Route Constraint Check; Time: 0.000135s wall, 0.000000s user + 0.000000s system = 0.000000s CPU (n/a%); Memory(MB): used = 167, reserved = 165, peak = 167;

PHY-1001 : End Stage 2.2 | Pre-Place DRC Check; Time: 0.000154s wall, 0.000000s user + 0.000000s system = 0.000000s CPU (n/a%); Memory(MB): used = 167, reserved = 165, peak = 167;

PHY-1001 : Stage 2.3 | Global Placement Step 1
PHY-3001 : Target density is 80%
PHY-1001 : Stage 2.3.1 | Update Timing
RUN-1002 : start command "start_timer"
USR-6136 CRITICAL-WARNING: 'derive_pll_clocks' is obsolete. Please use 'derive_clocks' instead, which handles more types of clock deriving resources. 
Launching timing wizard will update this command automatically.
USR-1002 : Derived clock:  create_generated_clock -name {sys_pll_m0/pll_inst.clkc[0]} -source [get_ports {clk}] -master_clock {clk} -multiply_by 2.0000 -duty_cycle 50.0000 [get_pins {sys_pll_m0/pll_inst.clkc[0]}]
USR-1002 : Derived clock:  create_generated_clock -name {sys_pll_m0/pll_inst.clkc[1]} -source [get_ports {clk}] -master_clock {clk} -multiply_by 2.5000 -duty_cycle 50.0000 [get_pins {sys_pll_m0/pll_inst.clkc[1]}]
USR-1002 : Derived clock:  create_generated_clock -name {sys_pll_m0/pll_inst.clkc[2]} -source [get_ports {clk}] -master_clock {clk} -multiply_by 2.5000 -phase 180 -duty_cycle 50.0000 [get_pins {sys_pll_m0/pll_inst.clkc[2]}]
USR-1002 : Derived clock:  create_generated_clock -name {u0_clk_wize/pll_inst.clkc[0]} -source [get_ports {clk}] -master_clock {clk} -multiply_by 2.5000 -duty_cycle 50.0000 [get_pins {u0_clk_wize/pll_inst.clkc[0]}]
USR-1002 : Derived clock:  create_generated_clock -name {u0_clk_wize/pll_inst.clkc[1]} -source [get_ports {clk}] -master_clock {clk} -divide_by 2.0000 -duty_cycle 50.0000 [get_pins {u0_clk_wize/pll_inst.clkc[1]}]
USR-1002 : Derived clock:  create_generated_clock -name {u_clk_gen/u_pll_0/pll_inst.clkc[0]} -source [get_ports {clk}] -master_clock {clk} -multiply_by 2.5000 -duty_cycle 50.0000 [get_pins {u_clk_gen/u_pll_0/pll_inst.clkc[0]}]
USR-1002 : Derived clock:  create_generated_clock -name {u_clk_gen/u_pll_0/pll_inst.clkc[1]} -source [get_ports {clk}] -master_clock {clk} -multiply_by 2.5000 -duty_cycle 50.0000 [get_pins {u_clk_gen/u_pll_0/pll_inst.clkc[1]}]
USR-1002 : Derived clock:  create_generated_clock -name {u_clk_gen/u_pll_0/pll_inst.clkc[4]} -source [get_ports {clk}] -master_clock {clk} -multiply_by 2.5000 -phase 90 -duty_cycle 50.0000 [get_pins {u_clk_gen/u_pll_0/pll_inst.clkc[4]}]
USR-6001 WARNING: No pins matched 'get_pins video_pll_m0/pll_inst.clkc[0]'
USR-8124 CRITICAL-WARNING: Rename_clock: please specify object list.
USR-8159 CRITICAL-WARNING: Command rename_clock -name {video_clk} -source [get_ports {clk}] -master_clock {clk} [get_pins {video_pll_m0/pll_inst.clkc[0]}] in D:/Downloads/q3v3 _34source/q3v3 _34source/top.sdc(25) fails.
TMR-2502 : Net delay update with mode: Synthesized
PHY-1001 : SWNS: -5291, STNS: -264610, FEP: 83
PHY-1001 : End Stage 2.3.1 | Update Timing; Time: 0.251279s wall, 0.234375s user + 0.000000s system = 0.234375s CPU (93.3%); Memory(MB): used = 188, reserved = 182, peak = 188;

PHY-0007 : Cell area utilization is 7%
PHY-3001 : Clustering ...
PHY-3001 : End clustering;  0.000020s wall, 0.000000s user + 0.000000s system = 0.000000s CPU (n/a%)

PHY-3001 : Target density is 80%
PHY-1001 : Stage 2.3.2 | GP Iteration
PHY-1001 : End Stage 2.3.2 | GP Iteration; Time: 0.469306s wall, 1.046875s user + 1.250000s system = 2.296875s CPU (489.4%); Memory(MB): used = 190, reserved = 183, peak = 190;

PHY-3001 : Multithread accelerating rate: 4.88
TMR-2502 : Net delay update with mode: Placed
PHY-3001 : No need to merge 9x9 Dsps.
PHY-1001 : Populate physical database on model top_integrated.
PHY-1001 : End Stage 2.3 | Global Placement Step 1; Time: 0.781443s wall, 1.343750s user + 1.250000s system = 2.593750s CPU (331.9%); Memory(MB): used = 190, reserved = 183, peak = 190;

PHY-1001 : Stage 2.4 | RAM/DSP Legalization and Detailed Placement
PHY-1001 : Stage 2.4.1 | Legalization
PHY-3001 : Before Legalized: Len = 278010
PHY-3001 : After Legalized: Len = 269918, Over = 1.9375
PHY-1001 : End Stage 2.4.1 | Legalization; Time: 0.050937s wall, 0.062500s user + 0.000000s system = 0.062500s CPU (122.7%); Memory(MB): used = 190, reserved = 184, peak = 190;

PHY-1001 : End Stage 2.4 | RAM/DSP Legalization and Detailed Placement; Time: 0.051132s wall, 0.062500s user + 0.000000s system = 0.062500s CPU (122.2%); Memory(MB): used = 190, reserved = 184, peak = 190;

PHY-1001 : Stage 2.5 | Global Placement Step 2
PHY-3001 : Target density is 80%
PHY-1001 : Stage 2.5.1 | Update Timing
PHY-1001 : SWNS: -8193, STNS: -312766, FEP: 95
PHY-1001 : End Stage 2.5.1 | Update Timing; Time: 0.004639s wall, 0.000000s user + 0.000000s system = 0.000000s CPU (n/a%); Memory(MB): used = 192, reserved = 185, peak = 192;

PHY-1001 : Stage 2.5.2 | GP Iteration
PHY-1001 : End Stage 2.5.2 | GP Iteration; Time: 0.451049s wall, 1.375000s user + 0.281250s system = 1.656250s CPU (367.2%); Memory(MB): used = 192, reserved = 185, peak = 192;

PHY-3001 : Multithread accelerating rate: 3.66
PHY-3001 : Low accelerating rate: 3.66. This may happen when it is heavy-loaded.
PHY-1001 : End Stage 2.5 | Global Placement Step 2; Time: 0.507428s wall, 1.421875s user + 0.281250s system = 1.703125s CPU (335.6%); Memory(MB): used = 192, reserved = 185, peak = 192;

PHY-1001 : Stage 2.6 | RAM/DSP Detailed Placement
PHY-1001 : End Stage 2.6 | RAM/DSP Detailed Placement; Time: 0.000540s wall, 0.000000s user + 0.000000s system = 0.000000s CPU (n/a%); Memory(MB): used = 192, reserved = 185, peak = 192;

PHY-1001 : Stage 2.7 | Optimize Design
OPT-1001 : Start physical optimization ...
OPT-1001 : Total overflow 130.38 peak overflow 4.59
OPT-1001 : Stage 2.7.1 | Synthesize High-fanout Net
OPT-1001 : Start high-fanout net optimization in pre-pack flow with medium effort ...
OPT-1001 : Update timing in Manhattan mode
OPT-1001 : End timing update;  0.046070s wall, 0.046875s user + 0.000000s system = 0.046875s CPU (101.7%)

OPT-1001 : Start: SWNS -7543 STNS -300108 NUM_FEPS 92
OPT-1001 : Total overflow 130.38 peak overflow 4.59
PHY-1001 : Populate physical database on model top_integrated.
OPT-1001 : 1 high-fanout net processed.
PHY-3001 : Start incremental placement ...
PHY-1001 : Populate physical database on model top_integrated.
PHY-3001 : Target density is 80%
PHY-3001 : Target density is 80%
PHY-1001 : Stage 2.7.1.1 | Update Timing
PHY-1001 : SWNS: -7543, STNS: -301418, FEP: 97
PHY-1001 : End Stage 2.7.1.1 | Update Timing; Time: 0.004643s wall, 0.000000s user + 0.000000s system = 0.000000s CPU (n/a%); Memory(MB): used = 193, reserved = 186, peak = 193;

PHY-1001 : Stage 2.7.1.2 | GP Iteration
PHY-1001 : End Stage 2.7.1.2 | GP Iteration; Time: 0.183501s wall, 0.718750s user + 0.140625s system = 0.859375s CPU (468.3%); Memory(MB): used = 193, reserved = 186, peak = 193;

PHY-3001 : Multithread accelerating rate: 4.66
PHY-3001 : Final: Len = 128988, Over = 43.7812
PHY-3001 : End incremental placement;  0.208111s wall, 0.750000s user + 0.140625s system = 0.890625s CPU (428.0%)

OPT-1001 : Total overflow 110.78 peak overflow 2.50
RUN-1001 : HFN opt statistic
RUN-1001 : ------------------------------------------------------
RUN-1001 :   DriverCell type  |  HFN count  |  Duplicated count  
RUN-1001 : ------------------------------------------------------
RUN-1001 :         REG        |      1      |         5          
RUN-1001 :        LUT6        |      0      |         0          
RUN-1001 :        LUT5        |      0      |         0          
RUN-1001 :        LUT4        |      0      |         0          
RUN-1001 :        LUT3        |      0      |         0          
RUN-1001 :        LUT2        |      0      |         0          
RUN-1001 :        TOTAL       |      1      |         5          
RUN-1001 : ------------------------------------------------------
OPT-1001 : End high-fanout net optimization;  0.275790s wall, 0.812500s user + 0.140625s system = 0.953125s CPU (345.6%)

OPT-1001 : Update timing in Manhattan mode
OPT-1001 : End timing update;  0.050813s wall, 0.046875s user + 0.000000s system = 0.046875s CPU (92.3%)

OPT-1001 : Current memory(MB): used = 193, reserved = 186, peak = 193.
OPT-1001 : End Stage 2.7.1 | Synthesize High-fanout Net; Time: 0.331564s wall, 0.875000s user + 0.140625s system = 1.015625s CPU (306.3%); Memory(MB): used = 193, reserved = 186, peak = 193;

OPT-1001 : Stage 2.7.2 | Global Optimization
OPT-1001 : Start global optimization ...
OPT-0007 : Start: SWNS -7543 STNS -303741 NUM_FEPS 93
OPT-1001 : Start congestion update ...
RUN-1001 : Generating global routing grids ...
RUN-1001 : Building simple global routing graph ...
PHY-1001 : Generate routing nets ...
PHY-1001 : Reuse net number 0/2327.
PHY-1001 : Global iterations in 24 thread ...
PHY-1002 : len = 136896, over cnt = 264(0%), over = 669, worst = 13
PHY-1002 : len = 140656, over cnt = 172(0%), over = 332, worst = 7
PHY-1002 : len = 142856, over cnt = 71(0%), over = 127, worst = 7
PHY-1002 : len = 143952, over cnt = 5(0%), over = 8, worst = 4
PHY-1002 : len = 144032, over cnt = 0(0%), over = 0, worst = 0
PHY-1001 : End global iterations;  0.122217s wall, 0.093750s user + 0.015625s system = 0.109375s CPU (89.5%)

PHY-1001 : Congestion index:
PHY-1001 : top1  = 38.74(S 71.31, N 70.52, E 36.21, W 37.07, I 0.00, O 0.00)
PHY-1001 : top5  = 28.33(S 43.39, N 45.60, E 23.27, W 25.44, I 0.00, O 0.00)
PHY-1001 : top10 = 22.18(S 31.89, N 33.35, E 17.10, W 18.73, I 0.00, O 0.00)
PHY-1001 : top15 = 18.02(S 25.06, N 26.19, E 13.50, W 14.75, I 0.00, O 0.00)
OPT-1001 : End congestion update;  0.159044s wall, 0.125000s user + 0.015625s system = 0.140625s CPU (88.4%)

OPT-0007 : Iter 1: improved SWNS -7543 STNS -303741 NUM_FEPS 93 with 0 cells processed and 0 slack improved
OPT-1001 : Overall commit ratio -1.00
OPT-1001 : End global optimization;  0.163113s wall, 0.125000s user + 0.015625s system = 0.140625s CPU (86.2%)

OPT-1001 : Current memory(MB): used = 218, reserved = 211, peak = 218.
OPT-1001 : End Stage 2.7.2 | Global Optimization; Time: 0.168328s wall, 0.125000s user + 0.015625s system = 0.140625s CPU (83.5%); Memory(MB): used = 218, reserved = 211, peak = 218;

OPT-0007 : End flow prepack: SWNS -7543 STNS -303741 NUM_FEPS 93
OPT-1001 : End physical optimization;  0.502807s wall, 1.000000s user + 0.156250s system = 1.156250s CPU (230.0%)

PHY-1001 : End Stage 2.7 | Optimize Design; Time: 0.502936s wall, 1.000000s user + 0.156250s system = 1.156250s CPU (229.9%); Memory(MB): used = 218, reserved = 211, peak = 218;

PHY-1001 : Stage 2.8 | Place Packing
PHY-1001 : Stage 2.8.1 | Packing
SYN-4007 : Packing 0 MUX to BLE ...
SYN-4008 : Packed 0 MUX and 0 SEQ to BLE.
SYN-4007 : Packing 884 LUT to BLE ...
SYN-4008 : Packed 884 LUT and 524 SEQ to BLE.
SYN-4003 : Packing 711 remaining SEQ's ...
SYN-4005 : Packed 183 SEQ with LUT/SLICE
SYN-4006 : 226 single LUT's are left
SYN-4006 : 528 single SEQ's are left
SYN-4011 : Packing model "top_integrated" (AL_USER_NORMAL) with 1412/1843 primitive instances ...
PHY-1001 : Populate physical database on model top_integrated.
RUN-1001 : There are total 1210 instances
RUN-1001 : 537 mslices, 537 lslices, 118 pads, 4 brams, 3 dsps
RUN-1001 : There are total 2550 nets
RUN-1001 : 1851 nets have 2 pins
RUN-1001 : 481 nets have [3 - 5] pins
RUN-1001 : 130 nets have [6 - 10] pins
RUN-1001 : 51 nets have [11 - 20] pins
RUN-1001 : 32 nets have [21 - 99] pins
RUN-1001 : 5 nets have 100+ pins
PHY-3001 : Target density is 80%
RUN-1002 : start command "start_timer"
USR-6136 CRITICAL-WARNING: 'derive_pll_clocks' is obsolete. Please use 'derive_clocks' instead, which handles more types of clock deriving resources. 
Launching timing wizard will update this command automatically.
USR-1002 : Derived clock:  create_generated_clock -name {sys_pll_m0/pll_inst.clkc[0]} -source [get_ports {clk}] -master_clock {clk} -multiply_by 2.0000 -duty_cycle 50.0000 [get_pins {sys_pll_m0/pll_inst.clkc[0]}]
USR-1002 : Derived clock:  create_generated_clock -name {sys_pll_m0/pll_inst.clkc[1]} -source [get_ports {clk}] -master_clock {clk} -multiply_by 2.5000 -duty_cycle 50.0000 [get_pins {sys_pll_m0/pll_inst.clkc[1]}]
USR-1002 : Derived clock:  create_generated_clock -name {sys_pll_m0/pll_inst.clkc[2]} -source [get_ports {clk}] -master_clock {clk} -multiply_by 2.5000 -phase 180 -duty_cycle 50.0000 [get_pins {sys_pll_m0/pll_inst.clkc[2]}]
USR-1002 : Derived clock:  create_generated_clock -name {u0_clk_wize/pll_inst.clkc[0]} -source [get_ports {clk}] -master_clock {clk} -multiply_by 2.5000 -duty_cycle 50.0000 [get_pins {u0_clk_wize/pll_inst.clkc[0]}]
USR-1002 : Derived clock:  create_generated_clock -name {u0_clk_wize/pll_inst.clkc[1]} -source [get_ports {clk}] -master_clock {clk} -divide_by 2.0000 -duty_cycle 50.0000 [get_pins {u0_clk_wize/pll_inst.clkc[1]}]
USR-1002 : Derived clock:  create_generated_clock -name {u_clk_gen/u_pll_0/pll_inst.clkc[0]} -source [get_ports {clk}] -master_clock {clk} -multiply_by 2.5000 -duty_cycle 50.0000 [get_pins {u_clk_gen/u_pll_0/pll_inst.clkc[0]}]
USR-1002 : Derived clock:  create_generated_clock -name {u_clk_gen/u_pll_0/pll_inst.clkc[1]} -source [get_ports {clk}] -master_clock {clk} -multiply_by 2.5000 -duty_cycle 50.0000 [get_pins {u_clk_gen/u_pll_0/pll_inst.clkc[1]}]
USR-1002 : Derived clock:  create_generated_clock -name {u_clk_gen/u_pll_0/pll_inst.clkc[4]} -source [get_ports {clk}] -master_clock {clk} -multiply_by 2.5000 -phase 90 -duty_cycle 50.0000 [get_pins {u_clk_gen/u_pll_0/pll_inst.clkc[4]}]
USR-6001 WARNING: No pins matched 'get_pins video_pll_m0/pll_inst.clkc[0]'
USR-8124 CRITICAL-WARNING: Rename_clock: please specify object list.
USR-8159 CRITICAL-WARNING: Command rename_clock -name {video_clk} -source [get_ports {clk}] -master_clock {clk} [get_pins {video_pll_m0/pll_inst.clkc[0]}] in D:/Downloads/q3v3 _34source/q3v3 _34source/top.sdc(25) fails.
PHY-1001 : End Stage 2.8.1 | Packing; Time: 0.305273s wall, 0.312500s user + 0.000000s system = 0.312500s CPU (102.4%); Memory(MB): used = 222, reserved = 214, peak = 222;

PHY-1001 : Stage 2.8.2 | Post Pack GP
PHY-3001 : Target density is 80%
PHY-3001 : Cell area utilization is 14%
PHY-3001 : After packing: Len = 129353, Over = 60.25
PHY-3001 : Target density is 80%
PHY-1001 : Stage 2.8.2.1 | Update Timing
PHY-1001 : SWNS: -7443, STNS: -304816, FEP: 93
PHY-1001 : End Stage 2.8.2.1 | Update Timing; Time: 0.004026s wall, 0.000000s user + 0.000000s system = 0.000000s CPU (n/a%); Memory(MB): used = 223, reserved = 215, peak = 223;

PHY-1001 : Stage 2.8.2.2 | GP Iteration
PHY-1001 : End Stage 2.8.2.2 | GP Iteration; Time: 0.164815s wall, 0.453125s user + 0.187500s system = 0.640625s CPU (388.7%); Memory(MB): used = 223, reserved = 215, peak = 223;

PHY-3001 : Multithread accelerating rate: 3.87
PHY-3001 : Low accelerating rate: 3.87. This may happen when it is heavy-loaded.
PHY-1001 : End Stage 2.8.2 | Post Pack GP; Time: 0.171754s wall, 0.453125s user + 0.187500s system = 0.640625s CPU (373.0%); Memory(MB): used = 223, reserved = 215, peak = 223;

PHY-1001 : End Stage 2.8 | Place Packing; Time: 0.477106s wall, 0.765625s user + 0.187500s system = 0.953125s CPU (199.8%); Memory(MB): used = 223, reserved = 215, peak = 223;

PHY-1001 : Stage 2.9 | Legalization
PHY-3001 : Before Legalized: Len = 121564
PHY-3001 : After Legalized: Len = 135772, Over = 0
PHY-1001 : End Stage 2.9 | Legalization; Time: 0.003465s wall, 0.000000s user + 0.000000s system = 0.000000s CPU (n/a%); Memory(MB): used = 223, reserved = 215, peak = 223;

PHY-1001 : Stage 2.10 | Global Placement Step 3
PHY-3001 : Target density is 80%
PHY-1001 : Stage 2.10.1 | Update Timing
PHY-1001 : SWNS: -7443, STNS: -306554, FEP: 99
PHY-1001 : End Stage 2.10.1 | Update Timing; Time: 0.047091s wall, 0.046875s user + 0.000000s system = 0.046875s CPU (99.5%); Memory(MB): used = 223, reserved = 215, peak = 223;

PHY-1001 : Stage 2.10.2 | GP Iteration
PHY-1001 : End Stage 2.10.2 | GP Iteration; Time: 0.076034s wall, 0.359375s user + 0.140625s system = 0.500000s CPU (657.6%); Memory(MB): used = 223, reserved = 215, peak = 223;

PHY-3001 : Multithread accelerating rate: 6.53
PHY-1001 : End Stage 2.10 | Global Placement Step 3; Time: 0.124389s wall, 0.406250s user + 0.140625s system = 0.546875s CPU (439.6%); Memory(MB): used = 223, reserved = 215, peak = 223;

PHY-1001 : Stage 2.11 | Final Legalization
PHY-3001 : Before Legalized: Len = 122345
PHY-3001 : After Legalized: Len = 129283, Over = 0
PHY-1001 : End Stage 2.11 | Final Legalization; Time: 0.003388s wall, 0.000000s user + 0.000000s system = 0.000000s CPU (n/a%); Memory(MB): used = 223, reserved = 215, peak = 223;

PHY-1001 : End Stage 2 | Global Placement; Time: 2.465313s wall, 5.015625s user + 2.015625s system = 7.031250s CPU (285.2%); Memory(MB): used = 223, reserved = 215, peak = 223;

PHY-1001 : Stage 3 | Detailed Placement
PHY-1001 : Stage 3.1 | SLICE Detailed Placement
PHY-1001 : Stage 3.1.1 | Spreading
PHY-3001 : Spreading special nets. 27 overflows in 2952 tiles.
PHY-3001 : End spreading;  0.003529s wall, 0.015625s user + 0.000000s system = 0.015625s CPU (442.7%)

PHY-1001 : End Stage 3.1.1 | Spreading; Time: 0.003584s wall, 0.015625s user + 0.000000s system = 0.015625s CPU (436.0%); Memory(MB): used = 224, reserved = 216, peak = 224;

PHY-3001 : Final: Len = 129913, Over = 0
PHY-1001 : End Stage 3.1 | SLICE Detailed Placement; Time: 0.052864s wall, 0.062500s user + 0.000000s system = 0.062500s CPU (118.2%); Memory(MB): used = 224, reserved = 216, peak = 224;

PHY-3001 : BANK 5 DIFFRESISTOR:NONE VOD:350M VCM:1.2
PHY-3001 : End Detailed Place; 
PHY-1001 : Stage 3.2 | Optimize Design
OPT-1001 : Start physical optimization ...
OPT-1001 : Total overflow 0.00 peak overflow 0.00
OPT-1001 : Stage 3.2.1 | Physical Optimization
OPT-1001 : Start high-fanout net optimization in optimize equivalent flow with medium effort ...
OPT-1001 : Clean unloaded insts before merging registers
PHY-1001 : Populate physical database on model top_integrated.
PHY-1001 : Populate physical database on model top_integrated.
PHY-1001 : Populate physical database on model top_integrated.
OPT-1001 : Total overflow 0.00 peak overflow 0.00
OPT-1001 : End optimize duplicated nets. Total 2 instances are merged and 64 sinks are reconnected,  0.009550s wall, 0.015625s user + 0.000000s system = 0.015625s CPU (163.6%)

OPT-1001 : End high-fanout net optimization;  0.009602s wall, 0.015625s user + 0.000000s system = 0.015625s CPU (162.7%)

OPT-1001 : Update timing in Manhattan mode
RUN-1002 : start command "start_timer"
OPT-1001 : End timing update;  0.183219s wall, 0.171875s user + 0.000000s system = 0.171875s CPU (93.8%)

OPT-1001 : Current memory(MB): used = 225, reserved = 216, peak = 225.
OPT-1001 : End Stage 3.2.1 | Physical Optimization; Time: 0.197707s wall, 0.203125s user + 0.000000s system = 0.203125s CPU (102.7%); Memory(MB): used = 225, reserved = 216, peak = 225;

OPT-1001 : Stage 3.2.2 | Synthesize High-fanout Net
OPT-1001 : Start high-fanout net optimization in post-pack flow with medium effort ...
OPT-1001 : Start: SWNS -7443 STNS -306216 NUM_FEPS 93
OPT-1001 : Total overflow 0.00 peak overflow 0.00
PHY-1001 : Populate physical database on model top_integrated.
OPT-1001 : 0 high-fanout net processed.
OPT-1001 : Total overflow 0.00 peak overflow 0.00
RUN-1001 : HFN opt statistic
RUN-1001 : ------------------------------------------------------
RUN-1001 :   DriverCell type  |  HFN count  |  Duplicated count  
RUN-1001 : ------------------------------------------------------
RUN-1001 :       LSLICE       |      0      |         0          
RUN-1001 :       MSLICE       |      0      |         0          
RUN-1001 :        TOTAL       |      0      |         0          
RUN-1001 : ------------------------------------------------------
OPT-1001 : End high-fanout net optimization;  0.016573s wall, 0.015625s user + 0.000000s system = 0.015625s CPU (94.3%)

OPT-1001 : Current memory(MB): used = 225, reserved = 216, peak = 225.
OPT-1001 : End Stage 3.2.2 | Synthesize High-fanout Net; Time: 0.021298s wall, 0.015625s user + 0.000000s system = 0.015625s CPU (73.4%); Memory(MB): used = 225, reserved = 216, peak = 225;

OPT-1001 : Stage 3.2.3 | Optimize Path
OPT-1001 : Start path based optimization ...
OPT-0007 : Start: SWNS -7443 STNS -306216 NUM_FEPS 93 with mode 0
OPT-1001 : Start congestion update ...
RUN-1001 : Generating global routing grids ...
PHY-1001 : Generate routing nets ...
PHY-1001 : Reuse net number 23/2120.
PHY-1001 : Global iterations in 24 thread ...
PHY-1002 : len = 142304, over cnt = 187(0%), over = 340, worst = 8
PHY-1002 : len = 143920, over cnt = 111(0%), over = 168, worst = 6
PHY-1002 : len = 144760, over cnt = 50(0%), over = 64, worst = 3
PHY-1002 : len = 145368, over cnt = 6(0%), over = 6, worst = 1
PHY-1002 : len = 145448, over cnt = 0(0%), over = 0, worst = 0
PHY-1001 : End global iterations;  0.117462s wall, 0.125000s user + 0.000000s system = 0.125000s CPU (106.4%)

PHY-1001 : Congestion index:
PHY-1001 : top1  = 32.44(S 55.86, N 59.31, E 32.59, W 29.14, I 0.00, O 0.00)
PHY-1001 : top5  = 24.76(S 35.84, N 40.00, E 22.59, W 22.09, I 0.00, O 0.00)
PHY-1001 : top10 = 20.46(S 27.76, N 30.50, E 17.85, W 17.91, I 0.00, O 0.00)
PHY-1001 : top15 = 17.37(S 22.64, N 24.79, E 14.81, W 14.93, I 0.00, O 0.00)
OPT-1001 : End congestion update;  0.139977s wall, 0.140625s user + 0.000000s system = 0.140625s CPU (100.5%)

PHY-3001 : Start incremental legalization ...
PHY-1001 : Populate physical database on model top_integrated.
PHY-7002 CRITICAL-WARNING: Instance U3/sdram location (12, 12) is not honored. Cell's initial location is not legal at the beginning of ECO placement, and will be moved during placement. Please verify user location constraints through the adc file.
PHY-3001 : Target density is 80%
PHY-3001 : Target density is 80%
PHY-3001 : Initial: Len = 133145, Over = 0
PHY-3001 : End spreading;  0.002573s wall, 0.015625s user + 0.000000s system = 0.015625s CPU (607.2%)

PHY-3001 : Final: Len = 133145, Over = 0
PHY-3001 : End incremental legalization;  0.022771s wall, 0.031250s user + 0.000000s system = 0.031250s CPU (137.2%)

OPT-0007 : Iter 1: improved SWNS -7443 STNS -306216 NUM_FEPS 93 with 4(253) cells and 242(242) paths processed with 4300 slack improved, crit_thod: -988 ratio: 1.00(4/4) rt: 0.0s
OPT-0007 : Iter 2: improved SWNS -7443 STNS -306216 NUM_FEPS 93 with 0(0) cells and 0(0) paths processed with 0 slack improved, crit_thod: -688 ratio: -1.00(0/0) rt: 0.0s
OPT-1001 : End path based optimization;  0.187733s wall, 0.187500s user + 0.000000s system = 0.187500s CPU (99.9%)

OPT-1001 : Update timing in Manhattan mode
OPT-1001 : End timing update;  0.046869s wall, 0.046875s user + 0.000000s system = 0.046875s CPU (100.0%)

OPT-1001 : Current memory(MB): used = 228, reserved = 219, peak = 228.
OPT-1001 : End Stage 3.2.3 | Optimize Path; Time: 0.239510s wall, 0.234375s user + 0.000000s system = 0.234375s CPU (97.9%); Memory(MB): used = 228, reserved = 219, peak = 228;

OPT-1001 : Stage 3.2.4 | Optimize Duplicated Nets
OPT-1001 : Start: WNS -6693 TNS -301081 NUM_FEPS 90
OPT-1001 : Clean unloaded insts before merging registers
PHY-1001 : Populate physical database on model top_integrated.
PHY-1001 : Populate physical database on model top_integrated.
OPT-1001 : Total overflow 0.00 peak overflow 0.00
OPT-1001 : End optimize duplicated nets. Total 0 instances are merged and 0 sinks are reconnected,  0.014670s wall, 0.015625s user + 0.000000s system = 0.015625s CPU (106.5%)

OPT-1001 : Update timing in Manhattan mode
RUN-1002 : start command "start_timer"
OPT-1001 : End timing update;  0.187013s wall, 0.171875s user + 0.000000s system = 0.171875s CPU (91.9%)

OPT-1001 : Current memory(MB): used = 228, reserved = 219, peak = 228.
OPT-1001 : End Stage 3.2.4 | Optimize Duplicated Nets; Time: 0.205961s wall, 0.203125s user + 0.000000s system = 0.203125s CPU (98.6%); Memory(MB): used = 228, reserved = 219, peak = 228;

OPT-1001 : Stage 3.2.5 | Swap Pins
OPT-1001 : Start pin optimization...
OPT-1001 : skip pin optimization...
OPT-1001 : Current memory(MB): used = 228, reserved = 219, peak = 228.
OPT-1001 : End Stage 3.2.5 | Swap Pins; Time: 0.004190s wall, 0.000000s user + 0.000000s system = 0.000000s CPU (n/a%); Memory(MB): used = 228, reserved = 219, peak = 228;

OPT-0007 : End flow postpack: SWNS -6693 STNS -301081 NUM_FEPS 90
RUN-1001 : Generating global routing grids ...
PHY-1001 : Generate routing nets ...
PHY-1001 : Reuse net number 2094/2120.
PHY-1001 : Global iterations in 24 thread ...
PHY-1002 : len = 149296, over cnt = 5(0%), over = 9, worst = 2
PHY-1002 : len = 149376, over cnt = 2(0%), over = 2, worst = 1
PHY-1002 : len = 149408, over cnt = 0(0%), over = 0, worst = 0
PHY-1001 : End global iterations;  0.008281s wall, 0.000000s user + 0.000000s system = 0.000000s CPU (n/a%)

PHY-1001 : Congestion index:
PHY-1001 : top1  = 32.93(S 56.21, N 59.40, E 32.59, W 29.31, I 0.00, O 0.00)
PHY-1001 : top5  = 24.97(S 36.33, N 40.05, E 22.43, W 22.19, I 0.00, O 0.00)
PHY-1001 : top10 = 20.60(S 28.06, N 30.71, E 17.73, W 17.97, I 0.00, O 0.00)
PHY-1001 : top15 = 17.50(S 22.93, N 25.06, E 14.74, W 14.99, I 0.00, O 0.00)
RUN-1001 : QoR Analysis:
OPT-0007 :   SWNS -6693 STNS -301081 NUM_FEPS 90
RUN-1001 :   No local congestion issue, and most congested 1% tile average routing util is 32.586207
RUN-1001 :   Top critical paths
RUN-1001 :       #1 path slack -6693ps with logic level 2 
RUN-1001 :       #2 path slack -6693ps with logic level 2 
RUN-1001 :       #3 path slack -6643ps with logic level 2 
RUN-1001 :       #4 path slack -6643ps with logic level 2 
RUN-1001 :       #5 path slack -6643ps with logic level 2 
RUN-1001 :       #6 path slack -6643ps with logic level 2 
RUN-1001 :   0 HFN exist on timing critical paths out of 2547 nets
RUN-1001 :   0 long nets exist on timing critical paths out of 2547 nets
OPT-1001 : End physical optimization;  0.704491s wall, 0.687500s user + 0.000000s system = 0.687500s CPU (97.6%)

PHY-1001 : End Stage 3.2 | Optimize Design; Time: 0.704533s wall, 0.687500s user + 0.000000s system = 0.687500s CPU (97.6%); Memory(MB): used = 228, reserved = 219, peak = 228;

PHY-1001 : End Stage 3 | Detailed Placement; Time: 0.758994s wall, 0.750000s user + 0.000000s system = 0.750000s CPU (98.8%); Memory(MB): used = 228, reserved = 219, peak = 228;

PHY-1001 : Stage 4 | Optimize Design
PHY-3001 : Start incremental legalization ...
PHY-1001 : Populate physical database on model top_integrated.
PHY-7002 CRITICAL-WARNING: Instance U3/sdram location (164, 288) is not honored. Cell's initial location is not legal at the beginning of ECO placement, and will be moved during placement. Please verify user location constraints through the adc file.
PHY-3001 : Target density is 80%
PHY-3001 : Target density is 80%
PHY-3001 : Initial: Len = 133145, Over = 0
PHY-1001 : Stage 4.1 | Spreading
PHY-3001 : End spreading;  0.002840s wall, 0.000000s user + 0.000000s system = 0.000000s CPU (n/a%)

PHY-1001 : End Stage 4.1 | Spreading; Time: 0.002886s wall, 0.000000s user + 0.000000s system = 0.000000s CPU (n/a%); Memory(MB): used = 228, reserved = 219, peak = 228;

PHY-3001 : Final: Len = 133145, Over = 0
PHY-3001 : End incremental legalization;  0.023697s wall, 0.031250s user + 0.000000s system = 0.031250s CPU (131.9%)

RUN-1002 : start command "report_qor -step place -file place.qor"
RUN-1002 : start command "start_timer"
RUN-1001 : Generating global routing grids ...
-----------------------------------------------------------
| QoR metrics               |         value               |
-----------------------------------------------------------
| Timing                    |                             |
|     Setup WNS             |        -6693                |
|     Setup TNS             |      -301081                |
|     Num of violated S-EP  |           90                |
|     FMAX                  |    68.060MHz                |
|     SWNS path clock period |       8000ps                |
|     Hold WNS              |           59                |
|     Hold TNS              |            0                |
|     Num of violated H-EP  |            0                |
-----------------------------------------------------------
| Routing Resource          |                             |
|     Wire length           |       132711                |
-----------------------------------------------------------
| Utilization               |                             |
|     #slices               |         1074                |
|     slices percentage     |       10.96%                |
|     #RAMs                 |            4                |
|     #DSPs                 |            3                |
|     #DRAMHARDCON          |            0                |
-----------------------------------------------------------
| Congestion                |                             |
|     Top 1% tile util      |           29                |
|     Top 1% tile avg util  |       32.59%                |
|     Over 100% util #tile  |            0                |
-----------------------------------------------------------
Report place stage QoR done.

PHY-1001 : End Stage 4 | Optimize Design; Time: 0.242798s wall, 0.265625s user + 0.015625s system = 0.281250s CPU (115.8%); Memory(MB): used = 228, reserved = 219, peak = 228;

PHY-1001 : Stage 5 | DRC Check
PHY-1001 : Stage 5.1 | Force Route Constraint Check
PHY-1001 : Check Pass.
PHY-1001 : End Stage 5.1 | Force Route Constraint Check; Time: 0.000141s wall, 0.000000s user + 0.000000s system = 0.000000s CPU (n/a%); Memory(MB): used = 228, reserved = 219, peak = 228;

PHY-1001 : Stage 5.2 | Duplicated SelfDriven Check
PHY-1001 : Check pass.
PHY-1001 : End Stage 5.2 | Duplicated SelfDriven Check; Time: 0.001379s wall, 0.000000s user + 0.000000s system = 0.000000s CPU (n/a%); Memory(MB): used = 228, reserved = 219, peak = 228;

PHY-1001 : Stage 5.3 | Clock Rule Check
PHY-1001 : End Stage 5.3 | Clock Rule Check; Time: 0.000043s wall, 0.000000s user + 0.000000s system = 0.000000s CPU (n/a%); Memory(MB): used = 228, reserved = 219, peak = 228;

PHY-1001 : End Stage 5 | DRC Check; Time: 0.007490s wall, 0.000000s user + 0.000000s system = 0.000000s CPU (n/a%); Memory(MB): used = 228, reserved = 219, peak = 228;

OPT-1001 : QoR tracer report on placement steps:
    SWNS [   incr ]     STNS [    incr ]    FEPS [   incr ]    CRIT [   incr ]      CELL [     incr ]        WL [     incr ]    CONG [   incr ]    PDES [   incr ]   RT(s) [   incr ]   MEM(mb) [     incr ]
       0 [      0 ]        0 [       0 ]       0 [      0 ]       0 [      0 ]      2544 [        0 ]         0 [        0 ]    0.00 [   0.00 ]       0 [      0 ]       0 [      0 ]       165 [        0 ] : preplace:simplify_lut
       0 [      0 ]        0 [       0 ]       0 [      0 ]       0 [      0 ]      2544 [        0 ]         0 [        0 ]    0.00 [   0.00 ]       0 [      0 ]       0 [      0 ]       165 [        0 ] : preplace:sweep
       0 [      0 ]        0 [       0 ]       0 [      0 ]       0 [      0 ]      2544 [        0 ]         0 [        0 ]    0.00 [   0.00 ]       0 [      0 ]       0 [      0 ]       165 [        0 ] : preplace:hfn_opt
   -8193 [  -8193 ]  -311496 [ -311496 ]      97 [     97 ]     680 [    680 ]      2545 [        1 ]    277627 [   277627 ]    0.00 [   0.00 ]       0 [      0 ]       0 [      0 ]       190 [       25 ] : step1_gp
   -8193 [      0 ]  -312766 [   -1270 ]      95 [     -2 ]    1470 [    790 ]      2545 [        0 ]    269460 [    -8167 ]    0.00 [   0.00 ]       0 [      0 ]       0 [      0 ]       190 [        0 ] : step1_legal
   -7543 [    650 ]  -300108 [   12658 ]      92 [     -3 ]    2501 [   1031 ]      2545 [        0 ]    127057 [  -142403 ]    0.00 [   0.00 ]       0 [      0 ]       1 [      1 ]       192 [        2 ] : step2_gp
   -7543 [      0 ]  -303741 [   -3633 ]      93 [      1 ]    2450 [    -51 ]      2550 [        5 ]    128475 [     1418 ]    0.00 [   0.00 ]       0 [      0 ]       1 [      0 ]       193 [        1 ] : prepack:hfn_opt
   -7543 [      0 ]  -303741 [       0 ]      93 [      0 ]    2450 [      0 ]      2550 [        0 ]    128475 [        0 ]   38.38 [  38.38 ]       0 [      0 ]       1 [      0 ]       218 [       25 ] : prepack:global_opt
   -7443 [    100 ]  -304816 [   -1075 ]      93 [      0 ]    1445 [  -1005 ]      1210 [    -1340 ]    128918 [      443 ]   38.38 [   0.00 ]       0 [      0 ]       2 [      1 ]       222 [        4 ] : pack
   -7443 [      0 ]  -306216 [   -1400 ]      93 [      0 ]    1495 [     50 ]      1210 [        0 ]    128851 [      -67 ]   38.38 [   0.00 ]       0 [      0 ]       2 [      0 ]       223 [        1 ] : post_pack_place
   -7443 [      0 ]  -306216 [       0 ]      93 [      0 ]    1495 [      0 ]      1210 [        0 ]    129481 [      630 ]   38.38 [   0.00 ]       0 [      0 ]       2 [      0 ]       224 [        1 ] : post_pack_spreading
   -7443 [      0 ]  -306216 [       0 ]      93 [      0 ]    1495 [      0 ]      1211 [        1 ]    129095 [     -386 ]   38.38 [   0.00 ]       0 [      0 ]       2 [      0 ]       225 [        1 ] : postpack:optimize_equivalent_quick
   -7443 [      0 ]  -306216 [       0 ]      93 [      0 ]    1495 [      0 ]      1211 [        0 ]    129095 [        0 ]   38.38 [   0.00 ]       0 [      0 ]       2 [      0 ]       225 [        0 ] : postpack:hfn_opt
   -6693 [    750 ]  -301081 [    5135 ]      90 [     -3 ]    1392 [   -103 ]      1211 [        0 ]    132711 [     3616 ]   32.00 [  -6.38 ]       0 [      0 ]       3 [      1 ]       228 [        3 ] : postpack:path_opt
   -6693 [      0 ]  -301081 [       0 ]      90 [      0 ]    1392 [      0 ]      1211 [        0 ]    132711 [        0 ]   32.00 [   0.00 ]       0 [      0 ]       3 [      0 ]       228 [        0 ] : postpack:optimize_equivalent
   -6693 [      0 ]  -301081 [       0 ]      90 [      0 ]    1392 [      0 ]      1211 [        0 ]    132711 [        0 ]   32.00 [   0.00 ]       0 [      0 ]       3 [      0 ]       228 [        0 ] : postpack:pin_opt

RUN-1003 : finish command "place" in  3.557581s wall, 6.093750s user + 2.046875s system = 8.140625s CPU (228.8%)

RUN-1004 : used memory is 228 MB, reserved memory is 219 MB, peak memory is 228 MB
RUN-1002 : start command "update_timing -mode manhattan"
RUN-1002 : start command "start_timer"
RUN-1002 : start command "report_timing_summary -file q4_place.timing"
RUN-1002 : start command "report_area -io_info -file q4_phy.area"
RUN-1001 : standard
***Report Model: top_integrated Device: EG4S20BG256***

IO Statistics
#IO                        59   out of    188   31.38%
  #input                   22
  #output                  36
  #inout                    1
#virtual IO                 1
  #input                    0
  #output                   0
  #inout                    0

Utilization Statistics
#lut                     1487   out of  19600    7.59%
#reg                     1253   out of  19600    6.39%
#le                      2015
  #lut only               762   out of   2015   37.82%
  #reg only               528   out of   2015   26.20%
  #lut&reg                725   out of   2015   35.98%
#bram                       4   out of     64    6.25%
  #bram9k                   4
  #fifo9k                   0
#bram32k                    0   out of     16    0.00%
#dsp                        3   out of     29   10.34%
#pad                       63   out of    188   33.51%
  #ireg                     6
  #oreg                    15
  #treg                     0
#pll                        3   out of      4   75.00%
#gclk                       4   out of     16   25.00%

RUN-1002 : start command "flow_status -file place_flow.status"
Location         : D:\Downloads\q3v3 _34source\q3v3 _34source\q4_Runs\phy_1
Running with     : Tang Dynasty v6.2.168116
                   Copyright (c) 2012-2025 Anlogic Inc.
Top Model        : top_integrated
Device           : EG4S20BG256
Speed            : NA

Timing Mode      : manhattan
Setup            : WNS -6693ps  TNS  -301081ps  NUM_FEPS    90
Hold             : WNS    59ps  TNS        0ps  NUM_FEPS     0

Flow Statistics  :
RUN-1001 : Flow Statistics:
RUN-1001 : --------------------------------------------------------------------------------------------------
RUN-1001 :      command     |  #calls  |  wall time  |  cpu time(s)  |  used memory(mb)  |  peak memory(mb)  
RUN-1001 : --------------------------------------------------------------------------------------------------
RUN-1001 :       place      |    1     |  3s(100%)   |    8(100%)    |        228        |        228        
RUN-1001 :     import_db    |    1     |   0s(0%)    |     0(0%)     |        164        |        164        
RUN-1001 :   import_device  |    1     |   0s(0%)    |     0(0%)     |        84         |        84         
RUN-1001 : --------------------------------------------------------------------------------------------------
RUN-1001 :       total      |    3     |     3s      |       8       |        228        |        228        
RUN-1001 : --------------------------------------------------------------------------------------------------
RUN-1002 : start command "report_clock_utilization -file place_clock_utilization.txt"
RUN-1001 : Device not support command report_clock_utilization.
RUN-1002 : start command "export_db q4_place.db"
RUN-1001 : Exported flow parameters
RUN-1001 : Exported /
RUN-1001 : Exported libs
RUN-1001 : Exported entities
RUN-1001 : Exported ports
RUN-1001 : Exported pins
RUN-1001 : Exported instances
RUN-1001 : Exported nets
RUN-1001 : Exported buses
RUN-1001 : Exported models
RUN-1001 : Exported phy database
RUN-1001 : Exported packer
RUN-1001 : Exported congestions
RUN-1001 : Exported violations
RUN-1001 : Exported ATMR Setting
RUN-1001 : Exported timing constraints
RUN-1001 : Exported IO constraints
RUN-1001 : Exported Inst constraints
RUN-1001 : Exported ChipWatcher
RUN-1002 : start command "commit_param -step route"
RUN-1001 : Print Global Property
RUN-1001 : --------------------------------------------------------
RUN-1001 :   Parameters   |  Settings  |  Default Values  |  Note  
RUN-1001 : --------------------------------------------------------
RUN-1001 :   enable_seed  |    off     |       off        |        
RUN-1001 :     message    |  standard  |     standard     |        
RUN-1001 :   qor_monitor  |     on     |        on        |        
RUN-1001 :   syn_ip_flow  |    off     |       off        |        
RUN-1001 :     thread     |    auto    |       auto       |        
RUN-1001 : --------------------------------------------------------
RUN-1001 : Print Route Property
RUN-1001 : -------------------------------------------------------
RUN-1001 :   Parameters  |  Settings  |  Default Values  |  Note  
RUN-1001 : -------------------------------------------------------
RUN-1001 :     effort    |   normal   |      normal      |        
RUN-1001 :    fix_hold   |     on     |        on        |        
RUN-1001 :     timing    |     on     |        on        |        
RUN-1001 : -------------------------------------------------------
RUN-1002 : start command "route"
RUN-1001 : Open license file D:/Anlogic/license/Anlogic.lic
PHY-1001 : Route runs in 24 thread(s)
RUN-1001 : There are total 1211 instances
RUN-1001 : 537 mslices, 537 lslices, 118 pads, 4 brams, 3 dsps
RUN-1001 : There are total 2547 nets
RUN-1001 : 1851 nets have 2 pins
RUN-1001 : 482 nets have [3 - 5] pins
RUN-1001 : 128 nets have [6 - 10] pins
RUN-1001 : 49 nets have [11 - 20] pins
RUN-1001 : 32 nets have [21 - 99] pins
RUN-1001 : 5 nets have 100+ pins
RUN-1002 : start command "start_timer"
PHY-1001 : 537 mslices, 537 lslices, 118 pads, 4 brams, 3 dsps

PHY-1001 : Stage 1 | Global Routing
PHY-1001 : Start global routing, caller is route ...
RUN-1001 : Generating global routing grids ...
PHY-1001 : Generate routing nets ...
RUN-1001 : Generate nets statistics:
RUN-1001 : ---------------------------
RUN-1001 :        Type       |  Nets  
RUN-1001 : ---------------------------
RUN-1001 :   TotalRouteNets  |  2181  
RUN-1001 :   DontRouteNets   |  175   
RUN-1001 :     RouteNets     |  2006  
RUN-1001 :     RouteSinks    |  4007  
RUN-1001 : ---------------------------
PHY-1001 : Global iterations in 24 thread ...
PHY-1002 : len = 145472, over cnt = 189(0%), over = 339, worst = 9
PHY-1002 : len = 147336, over cnt = 110(0%), over = 169, worst = 6
PHY-1002 : len = 148296, over cnt = 41(0%), over = 55, worst = 3
PHY-1002 : len = 148952, over cnt = 0(0%), over = 0, worst = 0
PHY-1001 : End global iterations;  0.112733s wall, 0.140625s user + 0.000000s system = 0.140625s CPU (124.7%)

PHY-1001 : Congestion index:
PHY-1001 : top1  = 33.06(S 55.69, N 58.28, E 33.36, W 30.09, I 0.00, O 0.00)
PHY-1001 : top5  = 24.94(S 36.04, N 39.69, E 22.60, W 22.43, I 0.00, O 0.00)
PHY-1001 : top10 = 20.46(S 27.88, N 30.41, E 17.76, W 18.00, I 0.00, O 0.00)
PHY-1001 : top15 = 17.39(S 22.78, N 24.84, E 14.74, W 15.05, I 0.00, O 0.00)
PHY-1001 : End global routing;  0.133769s wall, 0.140625s user + 0.000000s system = 0.140625s CPU (105.1%)

PHY-1001 : End Stage 1 | Global Routing; Time: 0.133799s wall, 0.140625s user + 0.000000s system = 0.140625s CPU (105.1%); Memory(MB): used = 245, reserved = 356, peak = 245;

PHY-1001 : Stage 2 | Detail Routing
PHY-1001 : Stage 2.1 | Build Routing Design
PHY-1001 : Routing in high effort: false
PHY-1001 : Routing Mode: normal
PHY-1001 : Generate detailed routing grids ...
PHY-1001 : End build routing graph; 1.619824s wall, 1.578125s user + 0.015625s system = 1.593750s CPU (98.4%)

PHY-1001 : Generate nets ...
PHY-1001 : net clk_dup_1 will be routed on clock mesh
PHY-1001 : net U3/u2_ram/SDRAM_CLK will be routed on clock mesh
PHY-1001 : clock net u_ov5640_dri/u_i2c_dr/dri_clk_syn_4 will be merged with clock u_ov5640_dri/u_i2c_dr/dri_clk
PHY-1001 : net frame_read_write_m0/read_buf/clkw will be routed on clock mesh
PHY-1001 : clock net sd_card_bmp_m0/bmp_read_m0/clk will be merged with clock sys_pll_m0/clk0_buf
PHY-1001 : clock net u_clk_gen/u_pll_0/clk0_out will be merged with clock u_clk_gen/u_pll_0/clk0_buf
PHY-1001 : net u4_trimac_block/u1_rgmii_interface/rgmii_txc_ddr/clk will be routed on clock mesh
PHY-1001 : net u4_trimac_block/gtx_clk will be routed on clock mesh
PHY-1001 : net u2_hdmi_tx/Inst_DVITransmitter/PCLK_I will be routed on clock mesh
PHY-1001 : clock net u2_hdmi_tx/Inst_DVITransmitter/PCLK_X5_I will be merged with clock u0_clk_wize/clk0_buf
RUN-1001 : Generate nets statistics:
RUN-1001 : -----------------------------
RUN-1001 :         Type        |  Nets  
RUN-1001 : -----------------------------
RUN-1001 :        Route        |  2181  
RUN-1001 :      DontRoute      |  366   
RUN-1001 :      RouteSinks     |  6345  
RUN-1001 :   RouteEntitySinks  |   0    
RUN-1001 :       Lut2Dff       |   0    
RUN-1001 :       Ram2Dff       |   0    
RUN-1001 :      Carry2Dff      |   0    
RUN-1001 : -----------------------------
RUN-1001 : DR clock net summary:
RUN-1001 : -----------------------------------------------------------------------------------
RUN-1001 :   Net Idx  |                        Net Name                        |  Clock Type  
RUN-1001 : -----------------------------------------------------------------------------------
RUN-1001 :      1     |                  U3/u2_ram/SDRAM_CLK                   |    Normal    
RUN-1001 :      2     |                       clk_dup_1                        |    Normal    
RUN-1001 :      3     |           frame_read_write_m0/read_buf/clkw            |    Normal    
RUN-1001 :      4     |             sd_card_bmp_m0/bmp_read_m0/clk             |    Normal    
RUN-1001 :      5     |         u2_hdmi_tx/Inst_DVITransmitter/PCLK_I          |    Normal    
RUN-1001 :      6     |        u2_hdmi_tx/Inst_DVITransmitter/PCLK_X5_I        |    Normal    
RUN-1001 :      7     |                u4_trimac_block/gtx_clk                 |    Normal    
RUN-1001 :      8     |  u4_trimac_block/u1_rgmii_interface/rgmii_txc_ddr/clk  |    Normal    
RUN-1001 :      9     |               u_clk_gen/u_pll_0/clk0_out               |    Normal    
RUN-1001 :     10     |          u_ov5640_dri/u_i2c_dr/dri_clk_syn_4           |    Normal    
RUN-1001 : -----------------------------------------------------------------------------------
RUN-1001 : DR clock buffer summary:
RUN-1001 : ----------------
RUN-1001 :   Idx  |  Name  
RUN-1001 : ----------------
RUN-1001 : ----------------
PHY-1001 : End Stage 2.1 | Build Routing Design; Time: 1.648643s wall, 1.609375s user + 0.015625s system = 1.625000s CPU (98.6%); Memory(MB): used = 516, reserved = 507, peak = 516;

RUN-1001 : Top Percentage Crit. Net Stat.
RUN-1001 : --------------------------------------------------------
RUN-1001 :   Top %  |  Net Count  |  Avg. Fanout  |   Avg. Slack   
RUN-1001 : --------------------------------------------------------
RUN-1001 :     1    |     25      |   2.680000    |  -1110.160000  
RUN-1001 :     2    |     50      |   2.060000    |  -717.880000   
RUN-1001 :     3    |     76      |   1.973684    |  -425.263158   
RUN-1001 :     4    |     101     |   1.831683    |  -137.247525   
RUN-1001 :     5    |     127     |   1.803150    |   134.913386   
RUN-1001 :     6    |     152     |   1.723684    |   359.302632   
RUN-1001 :     7    |     178     |   1.780899    |   656.016854   
RUN-1001 :     8    |     203     |   1.812808    |   895.187192   
RUN-1001 :     9    |     229     |   1.855895    |  1105.855895   
RUN-1001 :    10    |     254     |   1.811024    |  1297.031496   
RUN-1001 : --------------------------------------------------------
PHY-1001 : Stage 2.2 | Clock Nets Routing
PHY-1001 : Routed 0% nets.
PHY-1001 : len = 57264, over cnt = 0(0%), over = 0, worst = 0, crit = 0
PHY-1001 : End Stage 2.2 | Clock Nets Routing; Time: 2.483454s wall, 2.468750s user + 0.000000s system = 2.468750s CPU (99.4%); Memory(MB): used = 548, reserved = 538, peak = 548;

PHY-1001 : Stage 2.3 | Routing Initialization
PHY-1001 : Mark 1% net(place mode slack < -688ps) as critical nets.
PHY-1001 : Stage 2.3.1 | Normal Nets Routing
PHY-1001 : Routed 85% nets.
PHY-1001 : len = 238384, over cnt = 125(0%), over = 125, worst = 1, crit = 0
PHY-1001 : End Stage 2.3.1 | Normal Nets Routing; Time: 2.375943s wall, 3.375000s user + 0.250000s system = 3.625000s CPU (152.6%); Memory(MB): used = 549, reserved = 539, peak = 549;

PHY-1001 : Stage 2.3.2 | Update Timing
RUN-1002 : start command "start_timer"
USR-6136 CRITICAL-WARNING: 'derive_pll_clocks' is obsolete. Please use 'derive_clocks' instead, which handles more types of clock deriving resources. 
Launching timing wizard will update this command automatically.
USR-1002 : Derived clock:  create_generated_clock -name {sys_pll_m0/pll_inst.clkc[0]} -source [get_ports {clk}] -master_clock {clk} -multiply_by 2.0000 -duty_cycle 50.0000 [get_pins {sys_pll_m0/pll_inst.clkc[0]}]
USR-1002 : Derived clock:  create_generated_clock -name {sys_pll_m0/pll_inst.clkc[1]} -source [get_ports {clk}] -master_clock {clk} -multiply_by 2.5000 -duty_cycle 50.0000 [get_pins {sys_pll_m0/pll_inst.clkc[1]}]
USR-1002 : Derived clock:  create_generated_clock -name {sys_pll_m0/pll_inst.clkc[2]} -source [get_ports {clk}] -master_clock {clk} -multiply_by 2.5000 -phase 180 -duty_cycle 50.0000 [get_pins {sys_pll_m0/pll_inst.clkc[2]}]
USR-1002 : Derived clock:  create_generated_clock -name {u0_clk_wize/pll_inst.clkc[0]} -source [get_ports {clk}] -master_clock {clk} -multiply_by 2.5000 -duty_cycle 50.0000 [get_pins {u0_clk_wize/pll_inst.clkc[0]}]
USR-1002 : Derived clock:  create_generated_clock -name {u0_clk_wize/pll_inst.clkc[1]} -source [get_ports {clk}] -master_clock {clk} -divide_by 2.0000 -duty_cycle 50.0000 [get_pins {u0_clk_wize/pll_inst.clkc[1]}]
USR-1002 : Derived clock:  create_generated_clock -name {u_clk_gen/u_pll_0/pll_inst.clkc[0]} -source [get_ports {clk}] -master_clock {clk} -multiply_by 2.5000 -duty_cycle 50.0000 [get_pins {u_clk_gen/u_pll_0/pll_inst.clkc[0]}]
USR-1002 : Derived clock:  create_generated_clock -name {u_clk_gen/u_pll_0/pll_inst.clkc[1]} -source [get_ports {clk}] -master_clock {clk} -multiply_by 2.5000 -duty_cycle 50.0000 [get_pins {u_clk_gen/u_pll_0/pll_inst.clkc[1]}]
USR-1002 : Derived clock:  create_generated_clock -name {u_clk_gen/u_pll_0/pll_inst.clkc[4]} -source [get_ports {clk}] -master_clock {clk} -multiply_by 2.5000 -phase 90 -duty_cycle 50.0000 [get_pins {u_clk_gen/u_pll_0/pll_inst.clkc[4]}]
USR-6001 WARNING: No pins matched 'get_pins video_pll_m0/pll_inst.clkc[0]'
USR-8124 CRITICAL-WARNING: Rename_clock: please specify object list.
USR-8159 CRITICAL-WARNING: Command rename_clock -name {video_clk} -source [get_ports {clk}] -master_clock {clk} [get_pins {video_pll_m0/pll_inst.clkc[0]}] in D:/Downloads/q3v3 _34source/q3v3 _34source/top.sdc(25) fails.
TMR-2502 : Net delay update with mode: Routed
PHY-1001 : 143/2181(6%) critical/total net(s).
PHY-1001 : Setup: WNS(ns) = -6.699, TNS(ns) = -311.731, FEP = 93 | Hold: WNS(ns) = 0.070, TNS(ns) = 0.000, FEP = 0.
PHY-1001 : End Stage 2.3.2 | Update Timing; Time: 0.217774s wall, 0.218750s user + 0.000000s system = 0.218750s CPU (100.4%); Memory(MB): used = 550, reserved = 540, peak = 550;

PHY-1001 : End Stage 2.3 | Routing Initialization; Time: 2.597649s wall, 3.609375s user + 0.250000s system = 3.859375s CPU (148.6%); Memory(MB): used = 550, reserved = 541, peak = 550;

PHY-1001 : Stage 2.4 | Routing Optimization
PHY-1001 : Build lut bridge;  0.040210s wall, 0.046875s user + 0.000000s system = 0.046875s CPU (116.6%)

PHY-1001 : Stage 2.4.1 | Phase 1
PHY-1001 : Stage 2.4.1.1 | Setup TimeOptimization
PHY-1001 : Start to optimize setup violation with net base ...
PHY-1001 : Iter 1; Processed 24 pins with SWNS -6.699ns STNS -307.444ns FEP 88 took 0.191026 seconds.
PHY-1001 : len = 238536, over cnt = 143(0%), over = 143, worst = 1, crit = 0
PHY-1001 : End Stage 2.4.1.1 | Setup TimeOptimization; Time: 0.200060s wall, 0.203125s user + 0.000000s system = 0.203125s CPU (101.5%); Memory(MB): used = 555, reserved = 546, peak = 555;

PHY-1001 : Stage 2.4.1.2 | Rip-up And ReRoute
PHY-1001 : Iter 1: len = 239120, over cnt = 30(0%), over = 30, worst = 1, crit = 0, time(s) = 0.15
PHY-1001 : Iter 2: len = 239088, over cnt = 20(0%), over = 20, worst = 1, crit = 0, time(s) = 0.08
PHY-1001 : Iter 3: len = 239080, over cnt = 15(0%), over = 15, worst = 1, crit = 0, time(s) = 0.03
PHY-1001 : Iter 4: len = 239184, over cnt = 3(0%), over = 3, worst = 1, crit = 0, time(s) = 0.02
PHY-1001 : Iter 5: len = 239184, over cnt = 2(0%), over = 2, worst = 1, crit = 0, time(s) = 0.01
PHY-1001 : Iter 6: len = 239184, over cnt = 2(0%), over = 2, worst = 1, crit = 0, time(s) = 0.01
PHY-1001 : Iter 7: len = 239184, over cnt = 2(0%), over = 2, worst = 1, crit = 0, time(s) = 0.01
PHY-1001 : Iter 8: len = 239264, over cnt = 0(0%), over = 0, worst = 0, crit = 0, time(s) = 0.01
PHY-1001 : End Stage 2.4.1.2 | Rip-up And ReRoute; Time: 0.333033s wall, 0.453125s user + 0.000000s system = 0.453125s CPU (136.1%); Memory(MB): used = 555, reserved = 546, peak = 555;

PHY-1001 : Stage 2.4.1.3 | Update Timing
RUN-1002 : start command "start_timer"
PHY-1001 : 121/2181(5%) critical/total net(s).
PHY-1001 : Setup: WNS(ns) = -6.699, TNS(ns) = -311.649, FEP = 89 | Hold: WNS(ns) = 0.070, TNS(ns) = 0.000, FEP = 0.
PHY-1001 : End Stage 2.4.1.3 | Update Timing; Time: 0.218212s wall, 0.203125s user + 0.000000s system = 0.203125s CPU (93.1%); Memory(MB): used = 555, reserved = 546, peak = 555;

PHY-1001 : Stage 2.4.1.4 | Commit Data
PHY-1001 : Commit better result to database ...
PHY-1001 : 29 feed throughs used by 17 nets
PHY-1001 : End Stage 2.4.1.4 | Commit Data; Time: 0.102692s wall, 0.093750s user + 0.015625s system = 0.109375s CPU (106.5%); Memory(MB): used = 564, reserved = 554, peak = 564;

PHY-1001 : End Stage 2.4.1 | Phase 1; Time: 0.861270s wall, 0.953125s user + 0.015625s system = 0.968750s CPU (112.5%); Memory(MB): used = 564, reserved = 554, peak = 564;

PHY-1001 : Stage 2.4.2 | Phase 2
PHY-1001 : Stage 2.4.2.1 | Setup TimeOptimization
PHY-1001 : Start to optimize setup violation with net base ...
PHY-1001 : Iter 1; Processed 10 pins with SWNS -6.699ns STNS -308.319ns FEP 88 took 0.0452272 seconds.
PHY-1001 : len = 239432, over cnt = 9(0%), over = 9, worst = 1, crit = 0
PHY-1001 : End Stage 2.4.2.1 | Setup TimeOptimization; Time: 0.053692s wall, 0.062500s user + 0.000000s system = 0.062500s CPU (116.4%); Memory(MB): used = 564, reserved = 554, peak = 564;

PHY-1001 : Stage 2.4.2.2 | Rip-up And ReRoute
PHY-0007 : Congestion: {35.41, 28.82, 24.91, 22.36}; Timing: {-6.699ns, -308.319ns, 88}
PHY-1001 : Iter 1: len = 239408, over cnt = 2(0%), over = 2, worst = 1, crit = 0, time(s) = 0.04
PHY-1001 : Iter 2: len = 239408, over cnt = 0(0%), over = 0, worst = 0, crit = 0, time(s) = 0.01
PHY-1001 : End Stage 2.4.2.2 | Rip-up And ReRoute; Time: 0.060577s wall, 0.062500s user + 0.000000s system = 0.062500s CPU (103.2%); Memory(MB): used = 564, reserved = 554, peak = 564;

PHY-1001 : Stage 2.4.2.3 | Update Timing
RUN-1002 : start command "start_timer"
PHY-1001 : 129/2181(5%) critical/total net(s).
PHY-1001 : Setup: WNS(ns) = -6.699, TNS(ns) = -311.131, FEP = 89 | Hold: WNS(ns) = 0.070, TNS(ns) = 0.000, FEP = 0.
PHY-1001 : End Stage 2.4.2.3 | Update Timing; Time: 0.225835s wall, 0.218750s user + 0.000000s system = 0.218750s CPU (96.9%); Memory(MB): used = 564, reserved = 555, peak = 564;

PHY-1001 : Stage 2.4.2.4 | Commit Data
PHY-1001 : Commit better result to database ...
PHY-1001 : 29 feed throughs used by 17 nets
PHY-1001 : End Stage 2.4.2.4 | Commit Data; Time: 0.101989s wall, 0.109375s user + 0.000000s system = 0.109375s CPU (107.2%); Memory(MB): used = 564, reserved = 555, peak = 564;

PHY-1001 : End Stage 2.4.2 | Phase 2; Time: 0.449262s wall, 0.453125s user + 0.000000s system = 0.453125s CPU (100.9%); Memory(MB): used = 564, reserved = 555, peak = 564;

PHY-1001 : End Stage 2.4 | Routing Optimization; Time: 1.427657s wall, 1.515625s user + 0.015625s system = 1.531250s CPU (107.3%); Memory(MB): used = 564, reserved = 555, peak = 564;

PHY-1003 : Routed, final wirelength = 239408
RUN-1002 : start command "export_db q4_pr.db"
RUN-1001 : Exported flow parameters
RUN-1001 : Exported /
RUN-1001 : Exported libs
RUN-1001 : Exported entities
RUN-1001 : Exported ports
RUN-1001 : Exported pins
RUN-1001 : Exported instances
RUN-1001 : Exported nets
RUN-1001 : Exported buses
RUN-1001 : Exported models
RUN-1001 : Exported phy database
RUN-1001 : Exported packer
RUN-1001 : Exported congestions
RUN-1001 : Exported violations
RUN-1001 : Exported ATMR Setting
RUN-1001 : Exported timing constraints
RUN-1001 : Exported IO constraints
RUN-1001 : Exported Inst constraints
RUN-1001 : Exported ChipWatcher
PHY-1001 : Current memory(MB): used = 590, reserved = 700, peak = 590.
PHY-1001 : End export database. 0.153708s wall, 0.171875s user + 0.000000s system = 0.171875s CPU (111.8%)

PHY-1001 : End detail routing;  8.438508s wall, 9.500000s user + 0.281250s system = 9.781250s CPU (115.9%)

PHY-1001 : End Stage 2 | Detail Routing; Time: 8.438579s wall, 9.500000s user + 0.281250s system = 9.781250s CPU (115.9%); Memory(MB): used = 590, reserved = 700, peak = 590;

PHY-1001 : Stage 3 | Hold Fix
RUN-1002 : start command "start_timer"
RUN-1001 : No hold violation.
PHY-1001 : End Stage 3 | Hold Fix; Time: 0.213381s wall, 0.218750s user + 0.000000s system = 0.218750s CPU (102.5%); Memory(MB): used = 590, reserved = 700, peak = 590;

PHY-1001 : Stage 4 | Report Route Qor
RUN-1002 : start command "report_qor -step route -file route.qor"
RUN-1002 : start command "start_timer"
-----------------------------------------------------------
| QoR metrics               |         value               |
-----------------------------------------------------------
| Timing                    |                             |
|     Setup WNS             |        -6699                |
|     Setup TNS             |      -311131                |
|     Num of violated S-EP  |           89                |
|     Hold WNS              |           70                |
|     Hold TNS              |            0                |
|     Num of violated H-EP  |            0                |
-----------------------------------------------------------
| Routing Resource          |                             |
|     Wire length           |       239408                |
-----------------------------------------------------------
| Utilization               |                             |
|     #slices               |         1074                |
|     slices percentage     |       10.96%                |
|     #RAMs                 |            4                |
|     #DSPs                 |            3                |
|     #DRAMHARDCON          |            0                |
-----------------------------------------------------------
Report route stage QoR done.

RUN-1002 : start command "update_timing -mode final"
RUN-1002 : start command "start_timer"
RUN-1002 : start command "report_timing_summary -file final_timing.rpt"
OPT-1001 : QoR tracer report on route step:
    SWNS [   incr ]     STNS [    incr ]  S-FEPS [   incr ]    HWNS [   incr ]      HTNS [     incr ]    H-FEPS [     incr ]    CELL [   incr ]      WL [   incr ]   RT(s) [   incr ]   MEM(mb) [     incr ]
   -6699 [      0 ]  -311731 [       0 ]      93 [      0 ]      70 [      0 ]         0 [        0 ]         0 [        0 ]    1211 [      0 ]  238384 [      0 ]       7 [      0 ]       550 [        0 ] : dr_initialization
   -6699 [      0 ]  -307444 [    4287 ]      88 [     -5 ]      70 [      0 ]         0 [        0 ]         0 [        0 ]    1211 [      0 ]  238536 [    152 ]       7 [      0 ]       555 [        5 ] : dr_timing_opt_phase1
   -6699 [      0 ]  -311649 [   -4205 ]      89 [      1 ]      70 [      0 ]         0 [        0 ]         0 [        0 ]    1211 [      0 ]  239264 [    728 ]       8 [      1 ]       564 [        9 ] : dr_opt_phase1
   -6699 [      0 ]  -308319 [    3330 ]      88 [     -1 ]      70 [      0 ]         0 [        0 ]         0 [        0 ]    1211 [      0 ]  239432 [    168 ]       8 [      0 ]       564 [        0 ] : dr_timing_opt_phase2
   -6699 [      0 ]  -311131 [   -2812 ]      89 [      1 ]      70 [      0 ]         0 [        0 ]         0 [        0 ]    1211 [      0 ]  239408 [    -24 ]       8 [      0 ]       564 [        0 ] : dr_opt_phase2
   -6699 [      0 ]  -311131 [       0 ]      89 [      0 ]      70 [      0 ]         0 [        0 ]         0 [        0 ]    1211 [      0 ]  239408 [      0 ]       8 [      0 ]       564 [        0 ] : multi_try_opt
   -6699 [      0 ]  -311131 [       0 ]      89 [      0 ]      70 [      0 ]         0 [        0 ]         0 [        0 ]    1211 [      0 ]  239408 [      0 ]       9 [      1 ]       590 [       26 ] : fix_hold_opt

PHY-1001 : End Stage 4 | Report Route Qor; Time: 0.455256s wall, 0.453125s user + 0.000000s system = 0.453125s CPU (99.5%); Memory(MB): used = 590, reserved = 700, peak = 590;

PHY-1001 : Stage 5 | Routing DRC
PHY-1001 : Start multi-drive drc check......
PHY-1001 : No multi-drive.
PHY-1001 : Stage 5.1 | Clock Net Status Check
PHY-1001 : 2 clock net(s) utilize local routing resource.
PHY-5079 CRITICAL-WARNING: Marked 2 clock net(s) utilize the local routing resources. Please check log message and the sinks of clock nets.
RUN-1001 : CTS Local Wire Summary
RUN-1001 : ----------------------------------------------------------------------------------------------------------------------------------
RUN-1001 :            ClockName            |  DriverType  |  Clock/Fanout  |  LocalWireNum  |               NetName               |  Marked  
RUN-1001 : ----------------------------------------------------------------------------------------------------------------------------------
RUN-1001 :   sys_pll_m0/pll_inst.clkc[2]   |  AL_PHY_PLL  |      0/1       |       1        |         U3/u2_ram/SDRAM_CLK         |   true   
RUN-1001 :           ext_mem_clk           |  AL_PHY_PLL  |    373/374     |       1        |  frame_read_write_m0/read_buf/clkw  |   true   
RUN-1001 : ----------------------------------------------------------------------------------------------------------------------------------
PHY-1001 : End Stage 5.1 | Clock Net Status Check; Time: 0.000405s wall, 0.000000s user + 0.000000s system = 0.000000s CPU (n/a%); Memory(MB): used = 590, reserved = 700, peak = 590;

PHY-1001 : Stage 5.2 | Abnormal Timing Path check
PHY-1001 : No abnormal timing path.
PHY-1001 : End Stage 5.2 | Abnormal Timing Path check; Time: 0.005818s wall, 0.000000s user + 0.000000s system = 0.000000s CPU (n/a%); Memory(MB): used = 590, reserved = 700, peak = 590;

PHY-1001 : End Stage 5 | Routing DRC; Time: 0.014545s wall, 0.015625s user + 0.000000s system = 0.015625s CPU (107.4%); Memory(MB): used = 590, reserved = 700, peak = 590;

RUN-1003 : finish command "route" in  9.472975s wall, 10.546875s user + 0.281250s system = 10.828125s CPU (114.3%)

RUN-1004 : used memory is 590 MB, reserved memory is 700 MB, peak memory is 590 MB
RUN-1002 : start command "report_area -io_info -file q4_phy.area"
RUN-1001 : standard
***Report Model: top_integrated Device: EG4S20BG256***

IO Statistics
#IO                        59   out of    188   31.38%
  #input                   22
  #output                  36
  #inout                    1
#virtual IO                 1
  #input                    0
  #output                   0
  #inout                    0

Utilization Statistics
#lut                     1487   out of  19600    7.59%
#reg                     1253   out of  19600    6.39%
#le                      2015
  #lut only               762   out of   2015   37.82%
  #reg only               528   out of   2015   26.20%
  #lut&reg                725   out of   2015   35.98%
#bram                       4   out of     64    6.25%
  #bram9k                   4
  #fifo9k                   0
#bram32k                    0   out of     16    0.00%
#dsp                        3   out of     29   10.34%
#pad                       63   out of    188   33.51%
  #ireg                     6
  #oreg                    15
  #treg                     0
#pll                        3   out of      4   75.00%
#gclk                       4   out of     16   25.00%


DataNet Average Fanout:

   Index     Fanout     Nets  
    #1          1       1733  
    #2          2       238   
    #3          3       161   
    #4          4        83   
    #5        5-10      141   
    #6        11-50      62   
    #7       51-100      1    
    #8       101-500     1    
  Average     2.38            

RUN-1002 : start command "update_timing -mode final"
RUN-1002 : start command "start_timer"
RUN-1002 : start command "report_timing_status -file q4_phy.ts"
RUN-1002 : start command "report_timing_summary -file q4_pr.timing"
RUN-1002 : start command "report_timing_exception -file q4_exception.timing"
RUN-1002 : start command "flow_status -file route_flow.status"
Location         : D:\Downloads\q3v3 _34source\q3v3 _34source\q4_Runs\phy_1
Running with     : Tang Dynasty v6.2.168116
                   Copyright (c) 2012-2025 Anlogic Inc.
Top Model        : top_integrated
Device           : EG4S20BG256
Speed            : NA

Timing Mode      : final
Setup            : WNS -6699ps  TNS  -311131ps  NUM_FEPS    89
Hold             : WNS    70ps  TNS        0ps  NUM_FEPS     0

Flow Statistics  :
RUN-1001 : Flow Statistics:
RUN-1001 : --------------------------------------------------------------------------------------------------
RUN-1001 :      command     |  #calls  |  wall time  |  cpu time(s)  |  used memory(mb)  |  peak memory(mb)  
RUN-1001 : --------------------------------------------------------------------------------------------------
RUN-1001 :       route      |    1     |   9s(75%)   |    10(55%)    |        590        |        590        
RUN-1001 :       place      |    1     |   3s(25%)   |    8(44%)     |        228        |        228        
RUN-1001 :     import_db    |    1     |   0s(0%)    |     0(0%)     |        164        |        164        
RUN-1001 :   import_device  |    1     |   0s(0%)    |     0(0%)     |        84         |        84         
RUN-1001 : --------------------------------------------------------------------------------------------------
RUN-1001 :       total      |    4     |     12s     |      18       |        590        |        590        
RUN-1001 : --------------------------------------------------------------------------------------------------
RUN-1002 : start command "report_clock_utilization -file route_clock_utilization.txt"
RUN-1001 : Device not support command report_clock_utilization.
RUN-1002 : start command "export_db q4_pr.db"
RUN-1001 : Exported flow parameters
RUN-1001 : Exported /
RUN-1001 : Exported libs
RUN-1001 : Exported entities
RUN-1001 : Exported ports
RUN-1001 : Exported pins
RUN-1001 : Exported instances
RUN-1001 : Exported nets
RUN-1001 : Exported buses
RUN-1001 : Exported models
RUN-1001 : Exported phy database
RUN-1001 : Exported packer
RUN-1001 : Exported congestions
RUN-1001 : Exported violations
RUN-1001 : Exported ATMR Setting
RUN-1001 : Exported timing constraints
RUN-1001 : Exported IO constraints
RUN-1001 : Exported Inst constraints
RUN-1001 : Exported ChipWatcher
RUN-1002 : start command "commit_param -step bitgen"
RUN-1001 : Print Global Property
RUN-1001 : --------------------------------------------------------
RUN-1001 :   Parameters   |  Settings  |  Default Values  |  Note  
RUN-1001 : --------------------------------------------------------
RUN-1001 :   enable_seed  |    off     |       off        |        
RUN-1001 :     message    |  standard  |     standard     |        
RUN-1001 :   qor_monitor  |     on     |        on        |        
RUN-1001 :   syn_ip_flow  |    off     |       off        |        
RUN-1001 :     thread     |    auto    |       auto       |        
RUN-1001 : --------------------------------------------------------
RUN-1001 : Print Bitgen Property
RUN-1001 : -------------------------------------------------------------
RUN-1001 :      Parameters     |  Settings  |  Default Values  |  Note  
RUN-1001 : -------------------------------------------------------------
RUN-1001 :         bin         |    off     |       off        |        
RUN-1001 :       gen_mask      |    off     |       off        |        
RUN-1001 :      time_info      |     on     |        on        |        
RUN-1001 :   unused_io_status  |   pullup   |      pullup      |        
RUN-1001 :       version       |    0x00    |       0x00       |        
RUN-1001 : -------------------------------------------------------------
RUN-1002 : start command "bitgen -bit q4.bit"
RUN-1002 : start command "export_bid q4_inst.bid"
BIT-1003 : Start to generate bitstream. 
BIT-1002 : Init instances with 24 threads.
BIT-1002 : Init instances completely, inst num: 1209
BIT-1002 : Init pips with 24 threads.
BIT-1002 : Init pips completely, net num: 2178, pip num: 19928
BIT-1002 : Init feedthrough with 24 threads.
BIT-1002 : Init feedthrough completely, num: 29
BIT-1003 : Multithreading accelaration with 24 threads.
BIT-1003 : Generate bitstream completely, there are 57212 bits set as '1'.
BIT-1004 : PLL setting string = 0111
BIT-1004 : Generate bits file q4.bit.
RUN-1002 : start command "setup_debugger ../../chip_debugger"
RUN-1002 : start command "export_bitgen_param -file .bitgen_param.f"
RUN-1002 : start command "export_flow_status -s opt_place -e bitgen"
RUN-1002 : start command "flow_status"

Location         : D:\Downloads\q3v3 _34source\q3v3 _34source\q4_Runs\phy_1
Running with     : Tang Dynasty v6.2.168116
                   Copyright (c) 2012-2025 Anlogic Inc.
Top Model        : top_integrated
Device           : EG4S20BG256
Speed            : NA

Timing Mode      : final
Setup            : WNS -6699ps  TNS  -311131ps  NUM_FEPS    89
Hold             : WNS    70ps  TNS        0ps  NUM_FEPS     0

RUN-1001 : Flow Statistics:
RUN-1001 : --------------------------------------------------------------------------------------------------
RUN-1001 :      command     |  #calls  |  wall time  |  cpu time(s)  |  used memory(mb)  |  peak memory(mb)  
RUN-1001 : --------------------------------------------------------------------------------------------------
RUN-1001 :       route      |    1     |   9s(75%)   |    10(34%)    |        590        |        590        
RUN-1001 :       place      |    1     |   3s(25%)   |    8(27%)     |        228        |        228        
RUN-1001 :      bitgen      |    1     |   0s(0%)    |    11(37%)    |        591        |        592        
RUN-1001 :     import_db    |    1     |   0s(0%)    |     0(0%)     |        164        |        164        
RUN-1001 :   import_device  |    1     |   0s(0%)    |     0(0%)     |        84         |        84         
RUN-1001 : --------------------------------------------------------------------------------------------------
RUN-1001 :       total      |    5     |     12s     |      29       |        591        |        592        
RUN-1001 : --------------------------------------------------------------------------------------------------
